Microchip MPLAB XC8 Compiler V3.10

Linker command line:

-W-3 \
  --edf=D:\Program Files\Microchip\xc8\v3.10\pic\dat\20250813170317_en.msgs \
  -pivt0x8=08h -cn -h+dist/default/debug\ControlVel.X.debug.sym \
  --cmf=dist/default/debug\ControlVel.X.debug.cmf -z -Q18F16Q41 \
  -oC:\Users\cyoha\AppData\Local\Temp\xcAs5vs.0\driver_tmp_3.o \
  --defsym=__MPLAB_BUILD=1 --fixupoverflow=error \
  -Mdist/default/debug/ControlVel.X.debug.map \
  --md=C:\Users\cyoha\AppData\Local\Temp\xcAs5vs.0\driver_tmp_0.dat -E1 \
  -ver=XC8 Compiler -ACODE=00h-0FFFFh -ACONST=00h-0FFFFh \
  -ASMALLCONST=01600h-016FFhx234 -AMEDIUMCONST=01600h-0FFFFh \
  -ACOMRAM=0501h-055Fh -AABS1=0500h-014FFh -ABIGRAM=0501h-014FFh \
  -ARAM=0560h-05FFh,0600h-06FFhx15 -ABANK5=0560h-05FFh -ABANK6=0600h-06FFh \
  -ABANK7=0700h-07FFh -ABANK8=0800h-08FFh -ABANK9=0900h-09FFh \
  -ABANK10=0A00h-0AFFh -ABANK11=0B00h-0BFFh -ABANK12=0C00h-0CFFh \
  -ABANK13=0D00h-0DFFh -ABANK14=0E00h-0EFFh -ABANK15=0F00h-0FFFh \
  -ABANK16=01000h-010FFh -ABANK17=01100h-011FFh -ABANK18=01200h-012FFh \
  -ABANK19=01300h-013FFh -ABANK20=01400h-014FFh \
  -ASFR=00h-0FFhx4,0400h-045Fh,0460h-04FFh,01500h-015FFh \
  -ABIGSFR=00h-04FFh,01500h-015FFh -ACONFIG=0300000h-0300011h \
  -AIDLOC=0200000h-020003Fh -AEEDATA=0380000h-03801FFh -peeprom_data=EEDATA \
  -preset_vec=00h -ppowerup=CODE,init -pramtop=01600h \
  -psmallconst=SMALLCONST -pmediumconst=MEDIUMCONST -pconst=CONST \
  -AFARRAM=00h-00h \
  -prdata=COMRAM,nvrram=COMRAM,nvbit=COMRAM,rbss=COMRAM,rbit=COMRAM \
  -pfarbss=FARRAM,fardata=FARRAM,nvFARRAM=FARRAM \
  -pintsave_regs=BIGRAM,bigbss=BIGRAM,bigdata=BIGRAM -pbss=RAM \
  -pidata=CODE,irdata=CODE,ibigdata=CODE,ifardata=CODE -prparam=COMRAM \
  C:\Users\cyoha\AppData\Local\Temp\xcAs5vs.0\driver_tmp_14.o \
  dist/default/debug\ControlVel.X.debug.o 

Object code version is 3.11

Machine type is 18F16Q41



                Name                               Link     Load   Length Selector   Space Scale
C:\Users\cyoha\AppData\Local\Temp\xcAs5vs.0\driver_tmp_14.o
                config                           300000   300000        9        0       4
                init                                 1A       1A        4        4       0
                reset_vec                             0        0        6        0       0
dist/default/debug\ControlVel.X.debug.o
                config                           300000   300000        9        0       4
                mediumconst                        F7A2     F7A2      85E     7BD1       0
                ivt0x8                                8        8       12        4       0
                text83                             224C     224C        4        4       0
                text82                             2248     2248        4        4       0
                text81                             21AC     21AC       10        4       0
                text80                             2186     2186       14        4       0
                text79                             1CD2     1CD2       40        4       0
                text78                             18A2     18A2       90        4       0
                text77                             1FC6     1FC6       28        4       0
                text76                             1F9E     1F9E       28        4       0
                text75                             1932     1932       8A        4       0
                text74                             219A     219A       12        4       0
                text73                             2172     2172       14        4       0
                text72                             2236     2236        8        4       0
                text71                             222E     222E        8        4       0
                text70                              446      446      38E        4       0
                text69                              D9C      D9C      1B4        4       0
                text68                             1C32     1C32       52        4       0
                text67                             225C     225C        2        4       0
                text66                             1E66     1E66       32        4       0
                text65                             2120     2120       16        4       0
                text64                             215E     215E       14        4       0
                text63                             225A     225A        2        4       0
                text62                             1EC8     1EC8       30        4       0
                text61                             2258     2258        2        4       0
                text60                             1F4C     1F4C       2A        4       0
                text59                             1BE0     1BE0       52        4       0
                text58                             223E     223E        6        4       0
                text57                             2256     2256        2        4       0
                text56                             2254     2254        2        4       0
                text55                             2252     2252        2        4       0
                text54                              F50      F50      136        4       0
                text53                             1E30     1E30       36        4       0
                text52                              9E4      9E4      200        4       0
                text51                             1DC0     1DC0       3A        4       0
                text50                             1D86     1D86       3A        4       0
                text49                             20D4     20D4       1E        4       0
                text48                             21C8     21C8        C        4       0
                text47                             1E98     1E98       30        4       0
                text46                             1D4C     1D4C       3A        4       0
                text45                             1B38     1B38       56        4       0
                text44                             16CA     16CA       AE        4       0
                text43                             1F22     1F22       2A        4       0
                text42                             1086     1086      122        4       0
                text41                             155A     155A       C0        4       0
                text40                             2058     2058       22        4       0
                text39                             2244     2244        4        4       0
                text38                             21BC     21BC        C        4       0
                text37                             1A82     1A82       5C        4       0
                text36                             214A     214A       14        4       0
                text35                             2136     2136       14        4       0
                text34                             1ADE     1ADE       5A        4       0
                text33                             2224     2224        A        4       0
                text32                             221A     221A        A        4       0
                text31                             2210     2210        A        4       0
                text30                             1D12     1D12       3A        4       0
                text29                             20F2     20F2       18        4       0
                text28                             2206     2206        A        4       0
                text27                             1810     1810       92        4       0
                text26                             21FC     21FC        A        4       0
                text25                             21F2     21F2        A        4       0
                text24                             21E8     21E8        A        4       0
                text23                             1A20     1A20       62        4       0
                text22                             2036     2036       22        4       0
                text21                             1FEE     1FEE       26        4       0
                text20                             20B6     20B6       1E        4       0
                text19                             2098     2098       1E        4       0
                text18                             207A     207A       1E        4       0
                text17                             1778     1778       98        4       0
                text16                             1EF8     1EF8       2A        4       0
                text15                             21DE     21DE        A        4       0
                text14                             21D4     21D4        A        4       0
                text13                               1E       1E      428        4       0
                text12                             12C4     12C4      108        4       0
                text11                              BE4      BE4      1B8        4       0
                text10                             1498     1498       C2        4       0
                text9                              161A     161A       B0        4       0
                text8                              1DFA     1DFA       36        4       0
                text7                              210A     210A       16        4       0
                text6                              1C84     1C84       4E        4       0
                text5                              2014     2014       22        4       0
                text4                              13CC     13CC       CC        4       0
                text3                               7D4      7D4      210        4       0
                text2                              1B8E     1B8E       52        4       0
                text1                              1F76     1F76       28        4       0
                text0                              11A8     11A8      11C        4       0
                cstackCOMRAM                        52A      52A       29      501       1
                cstackBANK5                         5C9      5C9       2A      560       1
                cstackBANK6                         620      620       1B      600       1
                bssBIGRAM                           63B      63B      400      63B       1
                bssBANK6                            600      600       20      600       1
                dataBANK5                           5F5      5F5        2      560       1
                bssBANK5                            560      560       69      560       1
                bssCOMRAM                           501      501       29      501       1
                cinit                              19BC     19BC       64        4       0
                nvBANK5                             5F3      5F3        2      560       1
                idataBANK5                         2250     2250        2        4       0

TOTAL           Name                               Link     Load   Length     Space
        CLASS   CODE           
                init                                 1A       1A        4         0
                reset_vec                             0        0        6         0
                ivt0x8                                8        8       12         0
                text83                             224C     224C        4         0
                text82                             2248     2248        4         0
                text81                             21AC     21AC       10         0
                text80                             2186     2186       14         0
                text79                             1CD2     1CD2       40         0
                text78                             18A2     18A2       90         0
                text77                             1FC6     1FC6       28         0
                text76                             1F9E     1F9E       28         0
                text75                             1932     1932       8A         0
                text74                             219A     219A       12         0
                text73                             2172     2172       14         0
                text72                             2236     2236        8         0
                text71                             222E     222E        8         0
                text70                              446      446      38E         0
                text69                              D9C      D9C      1B4         0
                text68                             1C32     1C32       52         0
                text67                             225C     225C        2         0
                text66                             1E66     1E66       32         0
                text65                             2120     2120       16         0
                text64                             215E     215E       14         0
                text63                             225A     225A        2         0
                text62                             1EC8     1EC8       30         0
                text61                             2258     2258        2         0
                text60                             1F4C     1F4C       2A         0
                text59                             1BE0     1BE0       52         0
                text58                             223E     223E        6         0
                text57                             2256     2256        2         0
                text56                             2254     2254        2         0
                text55                             2252     2252        2         0
                text54                              F50      F50      136         0
                text53                             1E30     1E30       36         0
                text52                              9E4      9E4      200         0
                text51                             1DC0     1DC0       3A         0
                text50                             1D86     1D86       3A         0
                text49                             20D4     20D4       1E         0
                text48                             21C8     21C8        C         0
                text47                             1E98     1E98       30         0
                text46                             1D4C     1D4C       3A         0
                text45                             1B38     1B38       56         0
                text44                             16CA     16CA       AE         0
                text43                             1F22     1F22       2A         0
                text42                             1086     1086      122         0
                text41                             155A     155A       C0         0
                text40                             2058     2058       22         0
                text39                             2244     2244        4         0
                text38                             21BC     21BC        C         0
                text37                             1A82     1A82       5C         0
                text36                             214A     214A       14         0
                text35                             2136     2136       14         0
                text34                             1ADE     1ADE       5A         0
                text33                             2224     2224        A         0
                text32                             221A     221A        A         0
                text31                             2210     2210        A         0
                text30                             1D12     1D12       3A         0
                text29                             20F2     20F2       18         0
                text28                             2206     2206        A         0
                text27                             1810     1810       92         0
                text26                             21FC     21FC        A         0
                text25                             21F2     21F2        A         0
                text24                             21E8     21E8        A         0
                text23                             1A20     1A20       62         0
                text22                             2036     2036       22         0
                text21                             1FEE     1FEE       26         0
                text20                             20B6     20B6       1E         0
                text19                             2098     2098       1E         0
                text18                             207A     207A       1E         0
                text17                             1778     1778       98         0
                text16                             1EF8     1EF8       2A         0
                text15                             21DE     21DE        A         0
                text14                             21D4     21D4        A         0
                text13                               1E       1E      428         0
                text12                             12C4     12C4      108         0
                text11                              BE4      BE4      1B8         0
                text10                             1498     1498       C2         0
                text9                              161A     161A       B0         0
                text8                              1DFA     1DFA       36         0
                text7                              210A     210A       16         0
                text6                              1C84     1C84       4E         0
                text5                              2014     2014       22         0
                text4                              13CC     13CC       CC         0
                text3                               7D4      7D4      210         0
                text2                              1B8E     1B8E       52         0
                text1                              1F76     1F76       28         0
                text0                              11A8     11A8      11C         0
                cinit                              19BC     19BC       64         0
                idataBANK5                         2250     2250        2         0

        CLASS   CONST          

        CLASS   SMALLCONST     

        CLASS   MEDIUMCONST    
                mediumconst                        F7A2     F7A2      85E         0

        CLASS   COMRAM         
                cstackCOMRAM                        52A      52A       29         1
                bssCOMRAM                           501      501       29         1

        CLASS   ABS1           

        CLASS   BIGRAM         
                bssBIGRAM                           63B      63B      400         1

        CLASS   RAM            

        CLASS   BANK5          
                cstackBANK5                         5C9      5C9       2A         1
                dataBANK5                           5F5      5F5        2         1
                bssBANK5                            560      560       69         1
                nvBANK5                             5F3      5F3        2         1

        CLASS   BANK6          
                cstackBANK6                         620      620       1B         1
                bssBANK6                            600      600       20         1

        CLASS   BANK7          

        CLASS   BANK8          

        CLASS   BANK9          

        CLASS   BANK10         

        CLASS   BANK11         

        CLASS   BANK12         

        CLASS   BANK13         

        CLASS   BANK14         

        CLASS   BANK15         

        CLASS   BANK16         

        CLASS   BANK17         

        CLASS   BANK18         

        CLASS   BANK19         

        CLASS   BANK20         

        CLASS   SFR            

        CLASS   BIGSFR         

        CLASS   CONFIG         
                config                           300000   300000        9         4

        CLASS   IDLOC          

        CLASS   EEDATA         

        CLASS   FARRAM         

        CLASS   HEAP           

        CLASS   STACK          



SEGMENTS        Name                           Load    Length   Top    Selector   Space  Class

                reset_vec                      000000  000006  000006         0       0  CODE    
                ivt0x8                         000008  002256  00225E         4       0  CODE    
                bssCOMRAM                      000501  000052  000553       501       1  COMRAM  
                bssBANK5                       000560  000097  0005F7       560       1  BANK5   
                bssBANK6                       000600  00003B  00063B       600       1  BANK6   
                bssBIGRAM                      00063B  000400  000A3B       63B       1  BIGRAM  
                mediumconst                    00F7A2  00085E  010000      7BD1       0  MEDIUMCO


UNUSED ADDRESS RANGES

        Name                Unused          Largest block    Delta
        BANK10           000A3B-000AFF               C5
        BANK11           000B00-000BFF              100
        BANK12           000C00-000CFF              100
        BANK13           000D00-000DFF              100
        BANK14           000E00-000EFF              100
        BANK15           000F00-000FFF              100
        BANK16           001000-0010FF              100
        BANK17           001100-0011FF              100
        BANK18           001200-0012FF              100
        BANK19           001300-0013FF              100
        BANK20           001400-0014FF              100
        BANK5            0005F7-0005FF                9
        BIGRAM           000553-00055F                D
                         0005F7-0005FF                9
                         000A3B-0014FF              AC5
        BIGSFR           000000-0004FF              500
                         001500-0015FF              100
        CODE             000006-000007                2
                         00225E-00F7A1             D544
        COMRAM           000553-00055F                D
        CONFIG           300009-300011                9
        CONST            000006-000007                2
                         00225E-00F7A1             D544
        EEDATA           380000-3801FF              200
        IDLOC            200000-20003F               40
        MEDIUMCONST      00225E-00F7A1             D544
        RAM              0005F7-0005FF                9
                         000A3B-0014FF              100
        SFR              000000-0004FF              100
                         001500-0015FF              100
        SMALLCONST       00225E-00F7A1              100

                                  Symbol Table

?_ADC_ChannelSelectAndConvert                                 cstackBANK5  0005C9
?___awdiv                                                     cstackBANK5  0005C9
?___awmod                                                     cstackBANK5  0005C9
?___fldiv                                                     cstackCOMRAM 000538
?___flmul                                                     cstackBANK5  0005D7
?___fltol                                                     cstackBANK5  0005C9
?___xxtofl                                                    cstackBANK5  0005C9
?_abs                                                         cstackBANK5  0005CF
?_printf                                                      cstackBANK5  0005ED
?_vfprintf                                                    cstackBANK5  0005E5
?i2___xxtofl                                                  cstackCOMRAM 00052A
ADC_ChannelSelectAndConvert@channel                           cstackBANK5  0005CD
I2C1_ErrorGet@retErrorState                                   cstackBANK5  0005C9
I2C1_Write@address                                            cstackBANK5  0005CA
I2C1_Write@data                                               cstackBANK5  0005CC
I2C1_Write@dataLength                                         cstackBANK5  0005CE
I2C1_Write@retStatus                                          cstackBANK5  0005D0
INT0_SetInterruptHandler@InterruptHandler                     cstackBANK5  0005C9
INT1_SetInterruptHandler@InterruptHandler                     cstackBANK5  0005C9
INT2_SetInterruptHandler@InterruptHandler                     cstackBANK5  0005C9
IVTBASEH                                                      (abs)        00045E
IVTBASEL                                                      (abs)        00045D
IVTBASEU                                                      (abs)        00045F
InSensor_SetInterruptHandler@InterruptHandler                 cstackBANK5  0005C9
OLED_Update@chunk                                             cstackBANK6  000637
OLED_Update@data                                              cstackBANK6  000620
OLED_Update@remaining                                         cstackBANK6  000635
OLED_Update@sent                                              cstackBANK6  000638
OLED_Update@total                                             cstackBANK6  000633
OLED_Update@x                                                 cstackBANK6  00063A
OPA1_SetResistorLadder@resistorSelection                      cstackBANK5  0005CA
PWM1_16BIT_Period_SetInterruptHandler@InterruptHandler        cstackBANK5  0005C9
PWM1_16BIT_SetSlice1Output1DutyCycleRegister@registerValue    cstackBANK5  0005D3
PWM1_16BIT_Slice1Output1_SetInterruptHandler@InterruptHandler cstackBANK5  0005C9
PWM1_16BIT_Slice1Output2_SetInterruptHandler@InterruptHandler cstackBANK5  0005C9
TMR0_CounterGet@counterValue                                  cstackCOMRAM 00052A
TMR0_CounterSet@counterValue                                  cstackCOMRAM 00052A
TMR0_PeriodMatchCallbackRegister@callbackHandler              cstackBANK5  0005C9
TMR2_ISR@CountCallBack                                        bssBANK5     0005B2
TMR2_PeriodMatchCallbackRegister@callbackHandler              cstackBANK5  0005C9
UART1_FramingErrorCallbackRegister@callbackHandler            cstackBANK5  0005C9
UART1_OverrunErrorCallbackRegister@callbackHandler            cstackBANK5  0005C9
UART1_ParityErrorCallbackRegister@callbackHandler             cstackBANK5  0005C9
UART1_ReceiveISR@regValue                                     cstackCOMRAM 00052A
UART1_ReceiveISR@tempRxHead                                   cstackCOMRAM 00052B
UART1_TransmitISR@tempTxTail                                  cstackCOMRAM 00052A
UART1_Write@tempTxHead                                        cstackBANK5  0005C9
UART1_Write@txData                                            cstackBANK5  0005CA
_ACTCON                                                       (abs)        0000AC
_ADACCH                                                       (abs)        0003E4
_ADACCL                                                       (abs)        0003E3
_ADACCU                                                       (abs)        0003E5
_ADACQH                                                       (abs)        0003EF
_ADACQL                                                       (abs)        0003EE
_ADACT                                                        (abs)        0003F9
_ADCAP                                                        (abs)        0003F0
_ADCLK                                                        (abs)        0003FA
_ADCNT                                                        (abs)        0003E6
_ADCON0                                                       (abs)        0003F3
_ADCON0bits                                                   (abs)        0003F3
_ADCON1                                                       (abs)        0003F4
_ADCON1bits                                                   (abs)        0003F4
_ADCON2                                                       (abs)        0003F5
_ADCON2bits                                                   (abs)        0003F5
_ADCON3                                                       (abs)        0003F6
_ADCON3bits                                                   (abs)        0003F6
_ADCP                                                         (abs)        0003D8
_ADCPbits                                                     (abs)        0003D8
_ADC_ChannelSelectAndConvert                                  text51       001DC0
_ADC_ConversionDoneCallback                                   bssBANK5     0005C0
_ADC_ISR                                                      text83       00224C
_ADC_Initialize                                               text37       001A82
_ADC_ThresholdCallback                                        bssBANK5     0005BE
_ADC_ThresholdISR                                             text82       002248
_ADERRH                                                       (abs)        0003DE
_ADERRL                                                       (abs)        0003DD
_ADFLTRH                                                      (abs)        0003E2
_ADFLTRL                                                      (abs)        0003E1
_ADLTHH                                                       (abs)        0003DA
_ADLTHL                                                       (abs)        0003D9
_ADPCH                                                        (abs)        0003EC
_ADPREH                                                       (abs)        0003F2
_ADPREL                                                       (abs)        0003F1
_ADPREVH                                                      (abs)        0003E9
_ADPREVL                                                      (abs)        0003E8
_ADREF                                                        (abs)        0003F8
_ADRESH                                                       (abs)        0003EB
_ADRESL                                                       (abs)        0003EA
_ADRPT                                                        (abs)        0003E7
_ADSTAT                                                       (abs)        0003F7
_ADSTATbits                                                   (abs)        0003F7
_ADSTPTH                                                      (abs)        0003E0
_ADSTPTL                                                      (abs)        0003DF
_ADUTHH                                                       (abs)        0003DC
_ADUTHL                                                       (abs)        0003DB
_ANSELA                                                       (abs)        000400
_ANSELB                                                       (abs)        000408
_ANSELC                                                       (abs)        000410
_CLOCK_Initialize                                             text36       00214A
_Char                                                         bssBANK5     000578
_CharF                                                        bssBANK5     000570
_DACval                                                       bssBANK5     000590
_FONT_1                                                       mediumconst  00FD97
_FONT_2                                                       mediumconst  00F7A3
_I2C1ADB1                                                     (abs)        00028F
_I2C1BAUD                                                     (abs)        00029D
_I2C1BTOC                                                     (abs)        00029F
_I2C1CLK                                                      (abs)        00029E
_I2C1CNTH                                                     (abs)        00028D
_I2C1CNTL                                                     (abs)        00028C
_I2C1CON0                                                     (abs)        000294
_I2C1CON0bits                                                 (abs)        000294
_I2C1CON1                                                     (abs)        000295
_I2C1CON1bits                                                 (abs)        000295
_I2C1CON2                                                     (abs)        000296
_I2C1ERR                                                      (abs)        000297
_I2C1ERRbits                                                  (abs)        000297
_I2C1PIE                                                      (abs)        00029B
_I2C1PIEbits                                                  (abs)        00029B
_I2C1PIR                                                      (abs)        00029A
_I2C1PIRbits                                                  (abs)        00029A
_I2C1RXB                                                      (abs)        00028A
_I2C1SCLPPS                                                   (abs)        000271
_I2C1SDAPPS                                                   (abs)        000270
_I2C1STAT0bits                                                (abs)        000298
_I2C1STAT1                                                    (abs)        000299
_I2C1STAT1bits                                                (abs)        000299
_I2C1TXB                                                      (abs)        00028B
_I2C1_BusReset                                                text79       001CD2
_I2C1_Callback                                                bssBANK5     0005BC
_I2C1_CallbackRegister                                        (abs)        000000
_I2C1_Close                                                   text77       001FC6
_I2C1_Deinitialize                                            (abs)        000000
_I2C1_ERROR_ISR                                               text78       0018A2
_I2C1_ErrorGet                                                text48       0021C8
_I2C1_Host                                                    mediumconst  00FFDC
_I2C1_ISR                                                     text75       001932
_I2C1_Initialize                                              text34       001ADE
_I2C1_InterruptsDisable                                       text81       0021AC
_I2C1_InterruptsEnable                                        text35       002136
_I2C1_IsBusy                                                  text47       001E98
_I2C1_IsBusy$1174                                             cstackBANK5  0005C9
_I2C1_RX_ISR                                                  text74       00219A
_I2C1_Read                                                    (abs)        000000
_I2C1_ReadStart                                               text76       001F9E
_I2C1_TX_ISR                                                  text73       002172
_I2C1_Write                                                   text45       001B38
_I2C1_WriteRead                                               (abs)        000000
_I2C1_WriteStart                                              text46       001D4C
_INLVLA                                                       (abs)        000404
_INLVLB                                                       (abs)        00040C
_INLVLC                                                       (abs)        000414
_INT0_DefaultInterruptHandler                                 (abs)        000000
_INT0_InterruptHandler                                        bssCOMRAM    000519
_INT0_SetInterruptHandler                                     text33       002224
_INT1_DefaultInterruptHandler                                 (abs)        000000
_INT1_InterruptHandler                                        bssCOMRAM    000517
_INT1_SetInterruptHandler                                     text32       00221A
_INT2_DefaultInterruptHandler                                 (abs)        000000
_INT2_InterruptHandler                                        bssCOMRAM    000515
_INT2_SetInterruptHandler                                     text31       002210
_INTCON0bits                                                  (abs)        0004D6
_INTERRUPT_Initialize                                         text30       001D12
_INTERRUPT_InterruptManager                                   text52       0009E4
_IOCAF                                                        (abs)        000407
_IOCAFbits                                                    (abs)        000407
_IOCAN                                                        (abs)        000406
_IOCAP                                                        (abs)        000405
_IOCBF                                                        (abs)        00040F
_IOCBN                                                        (abs)        00040E
_IOCBP                                                        (abs)        00040D
_IOCCF                                                        (abs)        000417
_IOCCN                                                        (abs)        000416
_IOCCP                                                        (abs)        000415
_InSensor_DefaultInterruptHandler                             text67       00225C
_InSensor_ISR                                                 text66       001E66
_InSensor_InterruptHandler                                    nvBANK5      0005F3
_InSensor_SetInterruptHandler                                 text28       002206
_LATA                                                         (abs)        0004BE
_LATAbits                                                     (abs)        0004BE
_LATB                                                         (abs)        0004BF
_LATC                                                         (abs)        0004C0
_LKP                                                          text60       001F4C
_ODCONA                                                       (abs)        000402
_ODCONB                                                       (abs)        00040A
_ODCONC                                                       (abs)        000412
_OLED_ClearDisplay                                            text49       0020D4
_OLED_Init                                                    text41       00155A
_OLED_Update                                                  text42       001086
_OLED_Update$3334                                             cstackBANK6  000631
_OPA1CON0                                                     (abs)        0000A3
_OPA1CON0bits                                                 (abs)        0000A3
_OPA1CON1                                                     (abs)        0000A4
_OPA1CON1bits                                                 (abs)        0000A4
_OPA1CON2                                                     (abs)        0000A5
_OPA1CON2bits                                                 (abs)        0000A5
_OPA1CON3                                                     (abs)        0000A6
_OPA1CON3bits                                                 (abs)        0000A6
_OPA1HWC                                                      (abs)        0000A7
_OPA1HWCbits                                                  (abs)        0000A7
_OPA1OFFSET                                                   (abs)        0000A8
_OPA1ORS                                                      (abs)        0000A9
_OPA1_Initialize                                              text29       0020F2
_OPA1_SetResistorLadder                                       text40       002058
_OSCCON1                                                      (abs)        0000AD
_OSCCON3                                                      (abs)        0000AF
_OSCEN                                                        (abs)        0000B3
_OSCFRQ                                                       (abs)        0000B1
_OSCTUNE                                                      (abs)        0000B0
_PIE0bits                                                     (abs)        0004A8
_PIE1bits                                                     (abs)        0004A9
_PIE2bits                                                     (abs)        0004AA
_PIE3bits                                                     (abs)        0004AB
_PIE4bits                                                     (abs)        0004AC
_PIE7bits                                                     (abs)        0004AF
_PIN_MANAGER_IOC                                              text65       002120
_PIN_MANAGER_Initialize                                       text27       001810
_PIR0bits                                                     (abs)        0004B3
_PIR10bits                                                    (abs)        0004BD
_PIR1bits                                                     (abs)        0004B4
_PIR2bits                                                     (abs)        0004B5
_PIR3bits                                                     (abs)        0004B6
_PIR4bits                                                     (abs)        0004B7
_PIR6bits                                                     (abs)        0004B9
_PIR7bits                                                     (abs)        0004BA
_PWM1CLK                                                      (abs)        000461
_PWM1CON                                                      (abs)        000469
_PWM1CONbits                                                  (abs)        000469
_PWM1CPRE                                                     (abs)        000465
_PWM1ERS                                                      (abs)        000460
_PWM1GIE                                                      (abs)        000468
_PWM1GIEbits                                                  (abs)        000468
_PWM1GIR                                                      (abs)        000467
_PWM1GIRbits                                                  (abs)        000467
_PWM1LDS                                                      (abs)        000462
_PWM1PIPOS                                                    (abs)        000466
_PWM1PRH                                                      (abs)        000464
_PWM1PRL                                                      (abs)        000463
_PWM1S1CFG                                                    (abs)        00046A
_PWM1S1P1H                                                    (abs)        00046C
_PWM1S1P1L                                                    (abs)        00046B
_PWM1S1P2H                                                    (abs)        00046E
_PWM1S1P2L                                                    (abs)        00046D
_PWM1_16BIT_Initialize                                        text23       001A20
_PWM1_16BIT_LoadBufferRegisters                               text39       002244
_PWM1_16BIT_Period_DefaultInterruptHandler                    (abs)        000000
_PWM1_16BIT_Period_InterruptHandler                           bssCOMRAM    00051B
_PWM1_16BIT_Period_SetInterruptHandler                        text26       0021FC
_PWM1_16BIT_SetSlice1Output1DutyCycleRegister                 text38       0021BC
_PWM1_16BIT_Slice1Output1_DefaultInterruptHandler             (abs)        000000
_PWM1_16BIT_Slice1Output1_InterruptHandler                    bssCOMRAM    00051F
_PWM1_16BIT_Slice1Output1_SetInterruptHandler                 text25       0021F2
_PWM1_16BIT_Slice1Output2_DefaultInterruptHandler             (abs)        000000
_PWM1_16BIT_Slice1Output2_InterruptHandler                    bssCOMRAM    00051D
_PWM1_16BIT_Slice1Output2_SetInterruptHandler                 text24       0021E8
_RB4I2C                                                       (abs)        000287
_RB6I2C                                                       (abs)        000286
_RB6PPS                                                       (abs)        00020F
_RB7PPS                                                       (abs)        000210
_RC0PPS                                                       (abs)        000211
_RC7PPS                                                       (abs)        000218
_SLRCONA                                                      (abs)        000403
_SLRCONB                                                      (abs)        00040B
_SLRCONC                                                      (abs)        000413
_SYSTEM_Initialize                                            text16       001EF8
_T0CON0                                                       (abs)        00031A
_T0CON0bits                                                   (abs)        00031A
_T0CON1                                                       (abs)        00031B
_T2CLKCON                                                     (abs)        000320
_T2CON                                                        (abs)        00031E
_T2CONbits                                                    (abs)        00031E
_T2HLT                                                        (abs)        00031F
_T2HLTbits                                                    (abs)        00031F
_T2PR                                                         (abs)        00031D
_T2RST                                                        (abs)        000321
_T2RSTbits                                                    (abs)        000321
_T2TMR                                                        (abs)        00031C
_TMR0H                                                        (abs)        000319
_TMR0L                                                        (abs)        000318
_TMR0_CounterGet                                              text72       002236
_TMR0_CounterSet                                              text71       00222E
_TMR0_DefaultCallback                                         text63       00225A
_TMR0_ISR                                                     text62       001EC8
_TMR0_Initialize                                              text22       002036
_TMR0_PeriodMatchCallback                                     bssBANK5     0005B0
_TMR0_PeriodMatchCallbackRegister                             text15       0021DE
_TMR2_DefaultPeriodMatchCallback                              text61       002258
_TMR2_ISR                                                     text59       001BE0
_TMR2_Initialize                                              text21       001FEE
_TMR2_PeriodMatchCallback                                     bssBANK5     0005B4
_TMR2_PeriodMatchCallbackRegister                             text14       0021D4
_TRISA                                                        (abs)        0004C6
_TRISB                                                        (abs)        0004C7
_TRISC                                                        (abs)        0004C8
_U1BRGH                                                       (abs)        0002AF
_U1BRGL                                                       (abs)        0002AE
_U1CON0                                                       (abs)        0002AB
_U1CON0bits                                                   (abs)        0002AB
_U1CON1                                                       (abs)        0002AC
_U1CON1bits                                                   (abs)        0002AC
_U1CON2                                                       (abs)        0002AD
_U1ERRIE                                                      (abs)        0002B3
_U1ERRIR                                                      (abs)        0002B2
_U1ERRIRbits                                                  (abs)        0002B2
_U1FIFO                                                       (abs)        0002B0
_U1P1H                                                        (abs)        0002A6
_U1P1L                                                        (abs)        0002A5
_U1P2H                                                        (abs)        0002A8
_U1P2L                                                        (abs)        0002A7
_U1P3H                                                        (abs)        0002AA
_U1P3L                                                        (abs)        0002A9
_U1RXB                                                        (abs)        0002A1
_U1RXCHK                                                      (abs)        0002A2
_U1RXPPS                                                      (abs)        000272
_U1TXB                                                        (abs)        0002A3
_U1TXCHK                                                      (abs)        0002A4
_U1UIR                                                        (abs)        0002B1
_U1UIRbits                                                    (abs)        0002B1
_UART1_DefaultFramingErrorCallback                            text57       002256
_UART1_DefaultOverrunErrorCallback                            text56       002254
_UART1_DefaultParityErrorCallback                             text55       002252
_UART1_FramingErrorCallbackRegister                           text20       0020B6
_UART1_FramingErrorHandler                                    bssBANK5     0005AC
_UART1_GeneralErrorInterruptHandler                           bssBANK5     0005A2
_UART1_GeneralISR                                             text58       00223E
_UART1_GeneralInterruptHandler                                bssBANK5     0005B6
_UART1_Initialize                                             text17       001778
_UART1_IsTxReady                                              text7        00210A
_UART1_OverrunErrorCallbackRegister                           text19       002098
_UART1_OverrunErrorHandler                                    bssBANK5     0005AA
_UART1_ParityErrorCallbackRegister                            text18       00207A
_UART1_ParityErrorHandler                                     bssBANK5     0005A8
_UART1_ReceiveISR                                             text54       000F50
_UART1_RxCompleteInterruptHandler                             bssBANK5     0005A4
_UART1_RxInterruptHandler                                     bssBANK5     0005B8
_UART1_TransmitISR                                            text53       001E30
_UART1_TxCompleteInterruptHandler                             bssBANK5     0005A6
_UART1_TxInterruptHandler                                     bssBANK5     0005BA
_UART1_Write                                                  text6        001C84
_WPUA                                                         (abs)        000401
_WPUB                                                         (abs)        000409
_WPUC                                                         (abs)        000411
__HRAM                                                        (abs)        000000
__H__absolute__                                               __absolute__ 000000
__Habs1                                                       abs1         000000
__Hbank10                                                     bank10       000000
__Hbank11                                                     bank11       000000
__Hbank12                                                     bank12       000000
__Hbank13                                                     bank13       000000
__Hbank14                                                     bank14       000000
__Hbank15                                                     bank15       000000
__Hbank16                                                     bank16       000000
__Hbank17                                                     bank17       000000
__Hbank18                                                     bank18       000000
__Hbank19                                                     bank19       000000
__Hbank20                                                     bank20       000000
__Hbank5                                                      bank5        000000
__Hbank6                                                      bank6        000000
__Hbank7                                                      bank7        000000
__Hbank8                                                      bank8        000000
__Hbank9                                                      bank9        000000
__Hbigbss                                                     bigbss       000000
__Hbigdata                                                    bigdata      000000
__Hbigram                                                     bigram       000000
__Hbigsfr                                                     bigsfr       000000
__Hbss                                                        bss          000000
__HbssBANK5                                                   bssBANK5     000000
__HbssBANK6                                                   bssBANK6     000000
__HbssBIGRAM                                                  bssBIGRAM    000000
__HbssCOMRAM                                                  bssCOMRAM    000000
__Hcinit                                                      cinit        000000
__Hclrtext                                                    clrtext      000000
__Hcomram                                                     comram       000000
__Hconfig                                                     config       300009
__Hconst                                                      const        000000
__HcstackBANK5                                                cstackBANK5  000000
__HcstackBANK6                                                cstackBANK6  000000
__HcstackCOMRAM                                               cstackCOMRAM 000000
__Hdata                                                       data         000000
__HdataBANK5                                                  dataBANK5    000000
__Heeprom_data                                                eeprom_data  000000
__Hfarbss                                                     farbss       000000
__Hfardata                                                    fardata      000000
__Hheap                                                       heap         000000
__Hibigdata                                                   ibigdata     000000
__Hidata                                                      idata        000000
__HidataBANK5                                                 idataBANK5   000000
__Hidloc                                                      idloc        000000
__Hifardata                                                   ifardata     000000
__Hinit                                                       init         00001E
__Hintsave_regs                                               intsave_regs 000000
__Hirdata                                                     irdata       000000
__Hivt0x8                                                     ivt0x8       00001A
__Hmediumconst                                                mediumconst  010000
__HnvBANK5                                                    nvBANK5      000000
__HnvFARRAM                                                   nvFARRAM     000000
__Hnvbit                                                      nvbit        000000
__Hnvrram                                                     nvrram       000000
__Hparam                                                      rparam       000000
__Hpowerup                                                    powerup      000000
__Hram                                                        ram          000000
__Hramtop                                                     ramtop       001600
__Hrbit                                                       rbit         000000
__Hrbss                                                       rbss         000000
__Hrdata                                                      rdata        000000
__Hreset_vec                                                  reset_vec    000006
__Hrparam                                                     rparam       000000
__Hsfr                                                        sfr          000000
__Hsmallconst                                                 smallconst   000000
__Hspace_0                                                    (abs)        010000
__Hspace_1                                                    (abs)        000A3B
__Hspace_2                                                    (abs)        000000
__Hspace_4                                                    (abs)        600009
__Hstack                                                      stack        000000
__Hstruct                                                     struct       000000
__Htemp                                                       temp         000000
__Htext                                                       text         000000
__Htext0                                                      text0        000000
__Htext1                                                      text1        000000
__Htext10                                                     text10       000000
__Htext11                                                     text11       000000
__Htext12                                                     text12       000000
__Htext13                                                     text13       000000
__Htext14                                                     text14       000000
__Htext15                                                     text15       000000
__Htext16                                                     text16       000000
__Htext17                                                     text17       000000
__Htext18                                                     text18       000000
__Htext19                                                     text19       000000
__Htext2                                                      text2        000000
__Htext20                                                     text20       000000
__Htext21                                                     text21       000000
__Htext22                                                     text22       000000
__Htext23                                                     text23       000000
__Htext24                                                     text24       000000
__Htext25                                                     text25       000000
__Htext26                                                     text26       000000
__Htext27                                                     text27       000000
__Htext28                                                     text28       000000
__Htext29                                                     text29       000000
__Htext3                                                      text3        000000
__Htext30                                                     text30       000000
__Htext31                                                     text31       000000
__Htext32                                                     text32       000000
__Htext33                                                     text33       000000
__Htext34                                                     text34       000000
__Htext35                                                     text35       000000
__Htext36                                                     text36       000000
__Htext37                                                     text37       000000
__Htext38                                                     text38       000000
__Htext39                                                     text39       000000
__Htext4                                                      text4        000000
__Htext40                                                     text40       000000
__Htext41                                                     text41       000000
__Htext42                                                     text42       000000
__Htext43                                                     text43       000000
__Htext44                                                     text44       000000
__Htext45                                                     text45       000000
__Htext46                                                     text46       000000
__Htext47                                                     text47       000000
__Htext48                                                     text48       000000
__Htext49                                                     text49       000000
__Htext5                                                      text5        000000
__Htext50                                                     text50       000000
__Htext51                                                     text51       000000
__Htext52                                                     text52       000000
__Htext53                                                     text53       000000
__Htext54                                                     text54       000000
__Htext55                                                     text55       000000
__Htext56                                                     text56       000000
__Htext57                                                     text57       000000
__Htext58                                                     text58       000000
__Htext59                                                     text59       000000
__Htext6                                                      text6        000000
__Htext60                                                     text60       000000
__Htext61                                                     text61       000000
__Htext62                                                     text62       000000
__Htext63                                                     text63       000000
__Htext64                                                     text64       000000
__Htext65                                                     text65       000000
__Htext66                                                     text66       000000
__Htext67                                                     text67       000000
__Htext68                                                     text68       000000
__Htext69                                                     text69       000000
__Htext7                                                      text7        000000
__Htext70                                                     text70       000000
__Htext71                                                     text71       000000
__Htext72                                                     text72       000000
__Htext73                                                     text73       000000
__Htext74                                                     text74       000000
__Htext75                                                     text75       000000
__Htext76                                                     text76       000000
__Htext77                                                     text77       000000
__Htext78                                                     text78       000000
__Htext79                                                     text79       000000
__Htext8                                                      text8        000000
__Htext80                                                     text80       000000
__Htext81                                                     text81       000000
__Htext82                                                     text82       000000
__Htext83                                                     text83       000000
__Htext9                                                      text9        000000
__LRAM                                                        (abs)        000001
__L__absolute__                                               __absolute__ 000000
__Labs1                                                       abs1         000000
__Lbank10                                                     bank10       000000
__Lbank11                                                     bank11       000000
__Lbank12                                                     bank12       000000
__Lbank13                                                     bank13       000000
__Lbank14                                                     bank14       000000
__Lbank15                                                     bank15       000000
__Lbank16                                                     bank16       000000
__Lbank17                                                     bank17       000000
__Lbank18                                                     bank18       000000
__Lbank19                                                     bank19       000000
__Lbank20                                                     bank20       000000
__Lbank5                                                      bank5        000000
__Lbank6                                                      bank6        000000
__Lbank7                                                      bank7        000000
__Lbank8                                                      bank8        000000
__Lbank9                                                      bank9        000000
__Lbigbss                                                     bigbss       000000
__Lbigdata                                                    bigdata      000000
__Lbigram                                                     bigram       000000
__Lbigsfr                                                     bigsfr       000000
__Lbss                                                        bss          000000
__LbssBANK5                                                   bssBANK5     000000
__LbssBANK6                                                   bssBANK6     000000
__LbssBIGRAM                                                  bssBIGRAM    000000
__LbssCOMRAM                                                  bssCOMRAM    000000
__Lcinit                                                      cinit        000000
__Lclrtext                                                    clrtext      000000
__Lcomram                                                     comram       000000
__Lconfig                                                     config       000000
__Lconst                                                      const        000000
__LcstackBANK5                                                cstackBANK5  000000
__LcstackBANK6                                                cstackBANK6  000000
__LcstackCOMRAM                                               cstackCOMRAM 000000
__Ldata                                                       data         000000
__LdataBANK5                                                  dataBANK5    000000
__Leeprom_data                                                eeprom_data  000000
__Lfarbss                                                     farbss       000000
__Lfardata                                                    fardata      000000
__Lheap                                                       heap         000000
__Libigdata                                                   ibigdata     000000
__Lidata                                                      idata        000000
__LidataBANK5                                                 idataBANK5   000000
__Lidloc                                                      idloc        000000
__Lifardata                                                   ifardata     000000
__Linit                                                       init         00001A
__Lintsave_regs                                               intsave_regs 000000
__Lirdata                                                     irdata       000000
__Livt0x8                                                     ivt0x8       000008
__Lmediumconst                                                mediumconst  00F7A2
__LnvBANK5                                                    nvBANK5      000000
__LnvFARRAM                                                   nvFARRAM     000000
__Lnvbit                                                      nvbit        000000
__Lnvrram                                                     nvrram       000000
__Lparam                                                      rparam       000000
__Lpowerup                                                    powerup      000000
__Lram                                                        ram          000000
__Lramtop                                                     ramtop       001600
__Lrbit                                                       rbit         000000
__Lrbss                                                       rbss         000000
__Lrdata                                                      rdata        000000
__Lreset_vec                                                  reset_vec    000000
__Lrparam                                                     rparam       000000
__Lsfr                                                        sfr          000000
__Lsmallconst                                                 smallconst   000000
__Lspace_0                                                    (abs)        000000
__Lspace_1                                                    (abs)        000000
__Lspace_2                                                    (abs)        000000
__Lspace_4                                                    (abs)        000000
__Lstack                                                      stack        000000
__Lstruct                                                     struct       000000
__Ltemp                                                       temp         000000
__Ltext                                                       text         000000
__Ltext0                                                      text0        000000
__Ltext1                                                      text1        000000
__Ltext10                                                     text10       000000
__Ltext11                                                     text11       000000
__Ltext12                                                     text12       000000
__Ltext13                                                     text13       000000
__Ltext14                                                     text14       000000
__Ltext15                                                     text15       000000
__Ltext16                                                     text16       000000
__Ltext17                                                     text17       000000
__Ltext18                                                     text18       000000
__Ltext19                                                     text19       000000
__Ltext2                                                      text2        000000
__Ltext20                                                     text20       000000
__Ltext21                                                     text21       000000
__Ltext22                                                     text22       000000
__Ltext23                                                     text23       000000
__Ltext24                                                     text24       000000
__Ltext25                                                     text25       000000
__Ltext26                                                     text26       000000
__Ltext27                                                     text27       000000
__Ltext28                                                     text28       000000
__Ltext29                                                     text29       000000
__Ltext3                                                      text3        000000
__Ltext30                                                     text30       000000
__Ltext31                                                     text31       000000
__Ltext32                                                     text32       000000
__Ltext33                                                     text33       000000
__Ltext34                                                     text34       000000
__Ltext35                                                     text35       000000
__Ltext36                                                     text36       000000
__Ltext37                                                     text37       000000
__Ltext38                                                     text38       000000
__Ltext39                                                     text39       000000
__Ltext4                                                      text4        000000
__Ltext40                                                     text40       000000
__Ltext41                                                     text41       000000
__Ltext42                                                     text42       000000
__Ltext43                                                     text43       000000
__Ltext44                                                     text44       000000
__Ltext45                                                     text45       000000
__Ltext46                                                     text46       000000
__Ltext47                                                     text47       000000
__Ltext48                                                     text48       000000
__Ltext49                                                     text49       000000
__Ltext5                                                      text5        000000
__Ltext50                                                     text50       000000
__Ltext51                                                     text51       000000
__Ltext52                                                     text52       000000
__Ltext53                                                     text53       000000
__Ltext54                                                     text54       000000
__Ltext55                                                     text55       000000
__Ltext56                                                     text56       000000
__Ltext57                                                     text57       000000
__Ltext58                                                     text58       000000
__Ltext59                                                     text59       000000
__Ltext6                                                      text6        000000
__Ltext60                                                     text60       000000
__Ltext61                                                     text61       000000
__Ltext62                                                     text62       000000
__Ltext63                                                     text63       000000
__Ltext64                                                     text64       000000
__Ltext65                                                     text65       000000
__Ltext66                                                     text66       000000
__Ltext67                                                     text67       000000
__Ltext68                                                     text68       000000
__Ltext69                                                     text69       000000
__Ltext7                                                      text7        000000
__Ltext70                                                     text70       000000
__Ltext71                                                     text71       000000
__Ltext72                                                     text72       000000
__Ltext73                                                     text73       000000
__Ltext74                                                     text74       000000
__Ltext75                                                     text75       000000
__Ltext76                                                     text76       000000
__Ltext77                                                     text77       000000
__Ltext78                                                     text78       000000
__Ltext79                                                     text79       000000
__Ltext8                                                      text8        000000
__Ltext80                                                     text80       000000
__Ltext81                                                     text81       000000
__Ltext82                                                     text82       000000
__Ltext83                                                     text83       000000
__Ltext9                                                      text9        000000
__S0                                                          (abs)        010000
__S1                                                          (abs)        000A3B
__S4                                                          (abs)        000000
__S5                                                          (abs)        000000
___awdiv                                                      text10       001498
___awdiv@counter                                              cstackBANK5  0005CD
___awdiv@dividend                                             cstackBANK5  0005C9
___awdiv@divisor                                              cstackBANK5  0005CB
___awdiv@quotient                                             cstackBANK5  0005CF
___awdiv@sign                                                 cstackBANK5  0005CE
___awmod                                                      text9        00161A
___awmod@counter                                              cstackBANK5  0005CD
___awmod@dividend                                             cstackBANK5  0005C9
___awmod@divisor                                              cstackBANK5  0005CB
___awmod@sign                                                 cstackBANK5  0005CE
___fldiv                                                      text70       000446
___fldiv@a                                                    cstackCOMRAM 00053C
___fldiv@aexp                                                 cstackCOMRAM 000550
___fldiv@b                                                    cstackCOMRAM 000538
___fldiv@bexp                                                 cstackCOMRAM 00054F
___fldiv@grs                                                  cstackCOMRAM 00054B
___fldiv@new_exp                                              cstackCOMRAM 000549
___fldiv@rem                                                  cstackCOMRAM 000544
___fldiv@sign                                                 cstackCOMRAM 000548
___flmul                                                      text13       00001E
___flmul@a                                                    cstackBANK5  0005DB
___flmul@aexp                                                 cstackBANK5  0005E4
___flmul@b                                                    cstackBANK5  0005D7
___flmul@bexp                                                 cstackBANK5  0005E9
[...]
__ptext27                                                     text27       001810
__ptext28                                                     text28       002206
__ptext29                                                     text29       0020F2
__ptext3                                                      text3        0007D4
__ptext30                                                     text30       001D12
__ptext31                                                     text31       002210
__ptext32                                                     text32       00221A
__ptext33                                                     text33       002224
__ptext34                                                     text34       001ADE
__ptext35                                                     text35       002136
__ptext36                                                     text36       00214A
__ptext37                                                     text37       001A82
__ptext38                                                     text38       0021BC
__ptext39                                                     text39       002244
__ptext4                                                      text4        0013CC
__ptext40                                                     text40       002058
__ptext41                                                     text41       00155A
__ptext42                                                     text42       001086
__ptext43                                                     text43       001F22
__ptext44                                                     text44       0016CA
__ptext45                                                     text45       001B38
__ptext46                                                     text46       001D4C
__ptext47                                                     text47       001E98
__ptext48                                                     text48       0021C8
__ptext49                                                     text49       0020D4
__ptext5                                                      text5        002014
__ptext50                                                     text50       001D86
__ptext51                                                     text51       001DC0
__ptext52                                                     text52       0009E4
__ptext53                                                     text53       001E30
__ptext54                                                     text54       000F50
__ptext55                                                     text55       002252
__ptext56                                                     text56       002254
__ptext57                                                     text57       002256
__ptext58                                                     text58       00223E
__ptext59                                                     text59       001BE0
__ptext6                                                      text6        001C84
__ptext60                                                     text60       001F4C
__ptext61                                                     text61       002258
__ptext62                                                     text62       001EC8
__ptext63                                                     text63       00225A
__ptext64                                                     text64       00215E
__ptext65                                                     text65       002120
__ptext66                                                     text66       001E66
__ptext67                                                     text67       00225C
__ptext68                                                     text68       001C32
__ptext69                                                     text69       000D9C
__ptext7                                                      text7        00210A
__ptext70                                                     text70       000446
__ptext71                                                     text71       00222E
__ptext72                                                     text72       002236
__ptext73                                                     text73       002172
__ptext74                                                     text74       00219A
__ptext75                                                     text75       001932
__ptext76                                                     text76       001F9E
__ptext77                                                     text77       001FC6
__ptext78                                                     text78       0018A2
__ptext79                                                     text79       001CD2
__ptext8                                                      text8        001DFA
__ptext80                                                     text80       002186
__ptext81                                                     text81       0021AC
__ptext82                                                     text82       002248
__ptext83                                                     text83       00224C
__ptext9                                                      text9        00161A
__ramtop                                                      ramtop       001600
__smallconst                                                  mediumconst  00F7A2
_abs                                                          text8        001DFA
_adc_busy_status                                              bssCOMRAM    000528
_buffer                                                       bssBIGRAM    00063B
_cfont                                                        bssCOMRAM    00050E
_contador                                                     bssCOMRAM    000529
_conv1                                                        bssBANK5     0005C7
_dbuf                                                         bssBANK6     000600
_dutyVal                                                      bssBANK5     000594
_flags                                                        bssBANK5     0005C2
_fputc                                                        text4        0013CC
_frecuencia                                                   bssBANK5     0005C3
_i2c1Status                                                   bssCOMRAM    000501
_i2c_write                                                    text44       0016CA
_interruptSensor                                              text68       001C32
_interuptTimer                                                text64       00215E
_main                                                         text0        0011A8
_memset                                                       text50       001D86
_powers10                                                     mediumconst  00FFF0
_prec                                                         bssBANK5     00059E
_printf                                                       text1        001F76
_putch                                                        text5        002014
_send                                                         bssCOMRAM    000521
_ssd1306_command                                              text43       001F22
_uart1RxBuffer                                                bssBANK5     000580
_uart1RxCount                                                 bssCOMRAM    000522
_uart1RxHead                                                  bssCOMRAM    000524
_uart1RxLastError                                             bssBANK5     0005AE
_uart1RxStatusBuffer                                          bssBANK5     000560
_uart1RxTail                                                  bssCOMRAM    000523
_uart1TxBuffer                                                bssBANK5     000588
_uart1TxBufferRemaining                                       bssCOMRAM    000525
_uart1TxHead                                                  bssCOMRAM    000527
_uart1TxTail                                                  bssCOMRAM    000526
_vfpfcnvrt                                                    text3        0007D4
_vfprintf                                                     text2        001B8E
_voltaje1                                                     bssBANK5     000598
_width                                                        bssBANK5     00059C
abs@a                                                         cstackBANK5  0005CF
end_of_initialization                                         cinit        001A1A
fputc@c                                                       cstackBANK5  0005CC
fputc@fp                                                      cstackBANK5  0005CE
i2_I2C1_InterruptsEnable                                      text80       002186
i2___xxtofl                                                   text69       000D9C
i2___xxtofl@arg                                               cstackCOMRAM 000534
i2___xxtofl@exp                                               cstackCOMRAM 000533
i2___xxtofl@sign                                              cstackCOMRAM 000532
i2___xxtofl@val                                               cstackCOMRAM 00052A
i2c_write@address                                             cstackBANK5  0005D1
i2c_write@data                                                cstackBANK5  0005D3
i2c_write@len                                                 cstackBANK5  0005D5
i2c_write@timeout                                             cstackBANK5  0005D8
intlevel0                                                     text         000000
intlevel1                                                     text         000000
intlevel2                                                     text         000000
intlevel3                                                     text         000000
isa$std                                                       (abs)        000001
isa$xinst                                                     (abs)        000000
ivt0x8_base                                                   ivt0x8       000008
memset@c                                                      cstackBANK5  0005CB
memset@dest                                                   cstackBANK5  0005C9
memset@n                                                      cstackBANK5  0005CD
memset@p                                                      cstackBANK5  0005CF
printf@ap                                                     cstackBANK5  0005F1
printf@fmt                                                    cstackBANK5  0005ED
putch@txData                                                  cstackBANK5  0005CB
ssd1306_command@command                                       cstackBANK5  0005DC
ssd1306_command@data                                          cstackBANK5  0005DD
ssd1306_data@F15227                                           dataBANK5    0005F5
stackhi                                                       (abs)        000000
stacklo                                                       (abs)        000000
start                                                         init         00001A
start_initialization                                          cinit        0019BC
vfpfcnvrt@ap                                                  cstackBANK5  0005D9
vfpfcnvrt@c                                                   cstackBANK5  0005E4
vfpfcnvrt@convarg                                             cstackBANK5  0005E0
vfpfcnvrt@cp                                                  cstackBANK5  0005DE
vfpfcnvrt@done                                                cstackBANK5  0005DD
vfpfcnvrt@fmt                                                 cstackBANK5  0005D7
vfpfcnvrt@fp                                                  cstackBANK5  0005D5
vfprintf@ap                                                   cstackBANK5  0005E9
vfprintf@cfmt                                                 cstackBANK5  0005EB
vfprintf@fmt                                                  cstackBANK5  0005E7
vfprintf@fp                                                   cstackBANK5  0005E5


MODULE INFORMATION

Module		Function		Class		Link	Load	Size
D:\Program Files\Microchip\xc8\v3.10\pic\sources\c99\common\printf.c
		_printf        		CODE           	1F76	0000	40

D:\Program Files\Microchip\xc8\v3.10\pic\sources\c99\common\printf.c estimated size: 40

ssd1306_oled.c
		_OLED_Update   		CODE           	1086	0000	290
		_ssd1306_command		CODE           	1F22	0000	42
		_OLED_ClearDisplay		CODE           	20D4	0000	30
		_OLED_Init     		CODE           	155A	0000	192
		_i2c_write     		CODE           	16CA	0000	174

ssd1306_oled.c estimated size: 728

D:\Program Files\Microchip\xc8\v3.10\pic\sources\c99\common\xxtofl.c
		___xxtofl      		CODE           	0BE4	0000	440

D:\Program Files\Microchip\xc8\v3.10\pic\sources\c99\common\xxtofl.c estimated size: 440

D:\Program Files\Microchip\xc8\v3.10\pic\sources\c99\common\awmod.c
		___awmod       		CODE           	161A	0000	176

D:\Program Files\Microchip\xc8\v3.10\pic\sources\c99\common\awmod.c estimated size: 176

mcc_generated_files/system/src/interrupt.c
		_INT0_SetInterruptHandler		CODE           	2224	0000	10
		_INT1_SetInterruptHandler		CODE           	221A	0000	10
		_INT2_SetInterruptHandler		CODE           	2210	0000	10
		_INTERRUPT_Initialize		CODE           	1D12	0000	58
		_INTERRUPT_InterruptManager		CODE           	09E4	0000	512

mcc_generated_files/system/src/interrupt.c estimated size: 600

D:\Program Files\Microchip\xc8\v3.10\pic\sources\c99\common\nf_fputc.c
		_fputc         		CODE           	13CC	0000	204

D:\Program Files\Microchip\xc8\v3.10\pic\sources\c99\common\nf_fputc.c estimated size: 204

mcc_generated_files/pwm/src/pwm1_16bit.c
		_PWM1_16BIT_Period_SetInterruptHandler		CODE           	21FC	0000	10
		_PWM1_16BIT_Slice1Output1_SetInterruptHandler		CODE           	21F2	0000	10
		_PWM1_16BIT_Slice1Output2_SetInterruptHandler		CODE           	21E8	0000	10
		_PWM1_16BIT_Initialize		CODE           	1A20	0000	98
		_PWM1_16BIT_LoadBufferRegisters		CODE           	2244	0000	4
		_PWM1_16BIT_SetSlice1Output1DutyCycleRegister		CODE           	21BC	0000	12

mcc_generated_files/pwm/src/pwm1_16bit.c estimated size: 144

D:\Program Files\Microchip\xc8\v3.10\pic\sources\c99\common\memset.c
		_memset        		CODE           	1D86	0000	58

D:\Program Files\Microchip\xc8\v3.10\pic\sources\c99\common\memset.c estimated size: 58

mcc_generated_files/adc/src/adc.c
		_ADC_Initialize		CODE           	1A82	0000	92
		_ADC_ChannelSelectAndConvert		CODE           	1DC0	0000	58
		_ADC_ISR       		CODE           	224C	0000	4
		_ADC_ThresholdISR		CODE           	2248	0000	4

mcc_generated_files/adc/src/adc.c estimated size: 158

mcc_generated_files/uart/src/uart1.c
		_UART1_DefaultOverrunErrorCallback		CODE           	2254	0000	2
		_UART1_IsTxReady		CODE           	210A	0000	22
		_UART1_Write   		CODE           	1C84	0000	78
		_putch         		CODE           	2014	0000	34
		_UART1_DefaultParityErrorCallback		CODE           	2252	0000	2
		_UART1_FramingErrorCallbackRegister		CODE           	20B6	0000	30
		_UART1_OverrunErrorCallbackRegister		CODE           	2098	0000	30
		_UART1_ReceiveISR		CODE           	0F50	0000	310
		_UART1_Initialize		CODE           	1778	0000	152
		_UART1_DefaultFramingErrorCallback		CODE           	2256	0000	2
		_UART1_TransmitISR		CODE           	1E30	0000	54
		_UART1_ParityErrorCallbackRegister		CODE           	207A	0000	30
		_UART1_GeneralISR		CODE           	223E	0000	6

mcc_generated_files/uart/src/uart1.c estimated size: 752

mcc_generated_files/i2c_host/src/i2c1.c
		_I2C1_RX_ISR   		CODE           	219A	0000	18
		_I2C1_InterruptsEnable		CODE           	2136	0000	20
		_I2C1_WriteStart		CODE           	1D4C	0000	58
		_I2C1_ReadStart		CODE           	1F9E	0000	40
		_I2C1_ISR      		CODE           	1932	0000	138
		_I2C1_IsBusy   		CODE           	1E98	0000	48
		_I2C1_InterruptsDisable		CODE           	21AC	0000	16
		_I2C1_ErrorGet 		CODE           	21C8	0000	12
		_I2C1_BusReset 		CODE           	1CD2	0000	64
		_I2C1_Initialize		CODE           	1ADE	0000	90
		_I2C1_Close    		CODE           	1FC6	0000	40
		_I2C1_ERROR_ISR		CODE           	18A2	0000	144
		_I2C1_Write    		CODE           	1B38	0000	86
		_I2C1_TX_ISR   		CODE           	2172	0000	20

mcc_generated_files/i2c_host/src/i2c1.c estimated size: 794

D:\Program Files\Microchip\xc8\v3.10\pic\sources\c99\common\doprnt.c
		_vfpfcnvrt     		CODE           	07D4	0000	528
		_vfprintf      		CODE           	1B8E	0000	82

D:\Program Files\Microchip\xc8\v3.10\pic\sources\c99\common\doprnt.c estimated size: 610

mcc_generated_files/opa/src/opa1.c
		_OPA1_Initialize		CODE           	20F2	0000	24
		_OPA1_SetResistorLadder		CODE           	2058	0000	34

mcc_generated_files/opa/src/opa1.c estimated size: 58

mcc_generated_files/system/src/pins.c
		_PIN_MANAGER_Initialize		CODE           	1810	0000	146
		_InSensor_SetInterruptHandler		CODE           	2206	0000	10
		_InSensor_ISR  		CODE           	1E66	0000	50
		_PIN_MANAGER_IOC		CODE           	2120	0000	22
		_InSensor_DefaultInterruptHandler		CODE           	225C	0000	2

mcc_generated_files/system/src/pins.c estimated size: 230

shared
		_FONT_1        		MEDIUMCONST    	FD97	0000	581
		_powers10      		MEDIUMCONST    	FFF0	0000	10
		i2_I2C1_InterruptsEnable		CODE           	2186	0000	20
		__initialization		CODE           	19BC	0000	94
		_I2C1_Host     		MEDIUMCONST    	FFDC	0000	20
		_FONT_2        		MEDIUMCONST    	F7A3	0000	1524
		i2___xxtofl    		CODE           	0D9C	0000	436

shared estimated size: 2685

D:\Program Files\Microchip\xc8\v3.10\pic\sources\c99\common\awdiv.c
		___awdiv       		CODE           	1498	0000	194

D:\Program Files\Microchip\xc8\v3.10\pic\sources\c99\common\awdiv.c estimated size: 194

D:\Program Files\Microchip\xc8\v3.10\pic\sources\c99\common\fltol.c
		___fltol       		CODE           	12C4	0000	264

D:\Program Files\Microchip\xc8\v3.10\pic\sources\c99\common\fltol.c estimated size: 264

D:\Program Files\Microchip\xc8\v3.10\pic\sources\c99\common\sprcmul.c
		___flmul       		CODE           	001E	0000	1064

D:\Program Files\Microchip\xc8\v3.10\pic\sources\c99\common\sprcmul.c estimated size: 1064

D:\Program Files\Microchip\xc8\v3.10\pic\sources\c99\common\abs.c
		_abs           		CODE           	1DFA	0000	54

D:\Program Files\Microchip\xc8\v3.10\pic\sources\c99\common\abs.c estimated size: 54

mcc_generated_files/timer/src/tmr2.c
		_TMR2_ISR      		CODE           	1BE0	0000	82
		_TMR2_Initialize		CODE           	1FEE	0000	38
		_TMR2_PeriodMatchCallbackRegister		CODE           	21D4	0000	10
		_TMR2_DefaultPeriodMatchCallback		CODE           	2258	0000	2

mcc_generated_files/timer/src/tmr2.c estimated size: 132

D:\Program Files\Microchip\xc8\v3.10\pic\sources\c99\common\sprcdiv.c
		___fldiv       		CODE           	0446	0000	910

D:\Program Files\Microchip\xc8\v3.10\pic\sources\c99\common\sprcdiv.c estimated size: 910

mcc_generated_files/system/src/clock.c
		_CLOCK_Initialize		CODE           	214A	0000	20

mcc_generated_files/system/src/clock.c estimated size: 20

mcc_generated_files/timer/src/tmr0.c
		_TMR0_DefaultCallback		CODE           	225A	0000	2
		_TMR0_CounterGet		CODE           	2236	0000	8
		_TMR0_CounterSet		CODE           	222E	0000	8
		_TMR0_ISR      		CODE           	1EC8	0000	48
		_TMR0_Initialize		CODE           	2036	0000	34
		_TMR0_PeriodMatchCallbackRegister		CODE           	21DE	0000	10

mcc_generated_files/timer/src/tmr0.c estimated size: 110

main.c
		_interruptSensor		CODE           	1C32	0000	82
		_interuptTimer 		CODE           	215E	0000	20
		_main          		CODE           	11A8	0000	284
		_LKP           		CODE           	1F4C	0000	42

main.c estimated size: 428

mcc_generated_files/system/src/system.c
		_SYSTEM_Initialize		CODE           	1EF8	0000	42

mcc_generated_files/system/src/system.c estimated size: 42

