Microchip MPLAB XC8 Compiler V3.10

Linker command line:

-W-3 \
  --edf=D:\Program Files\Microchip\xc8\v3.10\pic\dat\20250813170317_en.msgs \
  -pivt0x8=08h -cn -h+dist/default/debug\ControlVel.X.debug.sym \
  --cmf=dist/default/debug\ControlVel.X.debug.cmf -z -Q18F16Q41 \
  -oC:\Users\cyoha\AppData\Local\Temp\xcAse5w.0\driver_tmp_3.o \
  --defsym=__MPLAB_BUILD=1 --fixupoverflow=error \
  -Mdist/default/debug/ControlVel.X.debug.map \
  --md=C:\Users\cyoha\AppData\Local\Temp\xcAse5w.0\driver_tmp_0.dat -E1 \
  -ver=XC8 Compiler -ACODE=00h-0FFFFh -ACONST=00h-0FFFFh \
  -ASMALLCONST=01600h-016FFhx234 -AMEDIUMCONST=01600h-0FFFFh \
  -ACOMRAM=0501h-055Fh -AABS1=0500h-014FFh -ABIGRAM=0501h-014FFh \
  -ARAM=0560h-05FFh,0600h-06FFhx15 -ABANK5=0560h-05FFh -ABANK6=0600h-06FFh \
  -ABANK7=0700h-07FFh -ABANK8=0800h-08FFh -ABANK9=0900h-09FFh \
  -ABANK10=0A00h-0AFFh -ABANK11=0B00h-0BFFh -ABANK12=0C00h-0CFFh \
  -ABANK13=0D00h-0DFFh -ABANK14=0E00h-0EFFh -ABANK15=0F00h-0FFFh \
  -ABANK16=01000h-010FFh -ABANK17=01100h-011FFh -ABANK18=01200h-012FFh \
  -ABANK19=01300h-013FFh -ABANK20=01400h-014FFh \
  -ASFR=00h-0FFhx4,0400h-045Fh,0460h-04FFh,01500h-015FFh \
  -ABIGSFR=00h-04FFh,01500h-015FFh -ACONFIG=0300000h-0300011h \
  -AIDLOC=0200000h-020003Fh -AEEDATA=0380000h-03801FFh -peeprom_data=EEDATA \
  -preset_vec=00h -ppowerup=CODE,init -pramtop=01600h \
  -psmallconst=SMALLCONST -pmediumconst=MEDIUMCONST -pconst=CONST \
  -AFARRAM=00h-00h \
  -prdata=COMRAM,nvrram=COMRAM,nvbit=COMRAM,rbss=COMRAM,rbit=COMRAM \
  -pfarbss=FARRAM,fardata=FARRAM,nvFARRAM=FARRAM \
  -pintsave_regs=BIGRAM,bigbss=BIGRAM,bigdata=BIGRAM -pbss=RAM \
  -pidata=CODE,irdata=CODE,ibigdata=CODE,ifardata=CODE -prparam=COMRAM \
  C:\Users\cyoha\AppData\Local\Temp\xcAse5w.0\driver_tmp_14.o \
  dist/default/debug\ControlVel.X.debug.o 

Object code version is 3.11

Machine type is 18F16Q41



                Name                               Link     Load   Length Selector   Space Scale
C:\Users\cyoha\AppData\Local\Temp\xcAse5w.0\driver_tmp_14.o
                config                           300000   300000        9        0       4
                init                                 1A       1A        4        4       0
                reset_vec                             0        0        6        0       0
dist/default/debug\ControlVel.X.debug.o
                config                           300000   300000        9        0       4
                mediumconst                        F796     F796      86A     7BCB       0
                ivt0x8                                8        8       12        4       0
                text110                            3F50     3F50        4        4       0
                text109                            3F4C     3F4C        4        4       0
                text108                            3E58     3E58       10        4       0
                text107                            3E32     3E32       14        4       0
                text106                            393A     393A       40        4       0
                text105                            3208     3208       A2        4       0
                text104                            3C78     3C78       2A        4       0
                text103                            3BF8     3BF8       2C        4       0
                text102                            3342     3342       90        4       0
                text101                            3E1E     3E1E       14        4       0
                text100                            3DCC     3DCC       16        4       0
                text99                             3D9E     3D9E       18        4       0
                text98                             3F66     3F66        2        4       0
                text97                             3B3A     3B3A       32        4       0
                text96                             3F36     3F36        8        4       0
                text95                             3F2E     3F2E        8        4       0
                text94                             16D8     16D8      38E        4       0
                text93                              9FA      9FA      4B6        4       0
                text92                             3872     3872       46        4       0
                text91                             24F4     24F4      1B4        4       0
                text90                             26A8     26A8      154        4       0
                text89                             3F64     3F64        2        4       0
                text88                             3B08     3B08       32        4       0
                text87                             3C4E     3C4E       2A        4       0
                text86                             3E46     3E46       12        4       0
                text85                             3F62     3F62        2        4       0
                text84                             3BCA     3BCA       2E        4       0
                text83                             3DB6     3DB6       16        4       0
                text82                             379A     379A       4A        4       0
                text81                             3D80     3D80       1E        4       0
                text80                             2E66     2E66       CA        4       0
                text79                             1F90     1F90      1E0        4       0
                text78                             374C     374C       4E        4       0
                text77                             3CA2     3CA2       26        4       0
                text76                             382C     382C       46        4       0
                text75                             3F60     3F60        2        4       0
                text74                             3A62     3A62       3A        4       0
                text73                             358C     358C       5E        4       0
                text72                             3F5E     3F5E        2        4       0
                text71                             3F5C     3F5C        2        4       0
                text70                             3B9C     3B9C       2E        4       0
                text69                             3F3E     3F3E        6        4       0
                text68                             3F5A     3F5A        2        4       0
                text67                             3F58     3F58        2        4       0
                text66                             3F56     3F56        2        4       0
                text65                             2936     2936      136        4       0
                text64                             3AD2     3AD2       36        4       0
                text63                             1D4C     1D4C      244        4       0
                text62                             3A28     3A28       3A        4       0
                text61                             3F24     3F24        A        4       0
                text60                             39EE     39EE       3A        4       0
                text59                             3D62     3D62       1E        4       0
                text58                             3E8C     3E8C        C        4       0
                text57                             3B6C     3B6C       30        4       0
                text56                             38B8     38B8       42        4       0
                text55                             36A0     36A0       58        4       0
                text54                             30B2     30B2       AE        4       0
                text53                             3C24     3C24       2A        4       0
                text52                             2C94     2C94      108        4       0
                text51                             2FF2     2FF2       C0        4       0
                text50                             3458     3458       72        4       0
                text49                             2A6C     2A6C      120        4       0
                text48                             2F30     2F30       C2        4       0
                text47                               1E       1E      524        4       0
                text46                             36F8     36F8       54        4       0
                text45                             27FC     27FC      13A        4       0
                text44                             3F48     3F48        4        4       0
                text43                             3E80     3E80        C        4       0
                text42                             3F44     3F44        4        4       0
                text41                             3E74     3E74        C        4       0
                text40                             35EA     35EA       5C        4       0
                text39                             3E0A     3E0A       14        4       0
                text38                             3E68     3E68        C        4       0
                text37                             3DF6     3DF6       14        4       0
                text36                             3646     3646       5A        4       0
                text35                             3F1A     3F1A        A        4       0
                text34                             3F10     3F10        A        4       0
                text33                             3F06     3F06        A        4       0
                text32                             39B4     39B4       3A        4       0
                text31                             3DE2     3DE2       14        4       0
                text30                             3EFC     3EFC        A        4       0
                text29                             3EF2     3EF2        A        4       0
                text28                             3160     3160       A8        4       0
                text27                             3EE8     3EE8        A        4       0
                text26                             3EDE     3EDE        A        4       0
                text25                             3ED4     3ED4        A        4       0
                text24                             34CA     34CA       62        4       0
                text23                             3ECA     3ECA        A        4       0
                text22                             3EC0     3EC0        A        4       0
                text21                             3EB6     3EB6        A        4       0
                text20                             352C     352C       60        4       0
                text19                             3D44     3D44       1E        4       0
                text18                             38FA     38FA       40        4       0
                text17                             3CC8     3CC8       22        4       0
                text16                             3D26     3D26       1E        4       0
                text15                             3D08     3D08       1E        4       0
                text14                             3CEA     3CEA       1E        4       0
                text13                             32AA     32AA       98        4       0
                text12                             3A9C     3A9C       36        4       0
                text11                             3EAC     3EAC        A        4       0
                text10                             3EA2     3EA2        A        4       0
                text9                              3E98     3E98        A        4       0
                text8                               EB0      EB0      428        4       0
                text7                              397A     397A       3A        4       0
                text6                               542      542      4B8        4       0
                text5                              37E4     37E4       48        4       0
                text4                              2B8C     2B8C      108        4       0
                text3                              233C     233C      1B8        4       0
                text2                              2D9C     2D9C       CA        4       0
                text1                              2170     2170      1CC        4       0
                text0                              1A66     1A66      2E6        4       0
                cstackCOMRAM                        501      501       31      501       1
                cstackBANK5                         5B6      5B6       42      560       1
                dataBIGRAM                          660      660      400      660       1
                bssBANK6                            600      600       60      600       1
                dataBANK5                           5FC      5FC        2      560       1
                bssBANK5                            560      560       56      560       1
                dataCOMRAM                          55F      55F        1      501       1
                bssCOMRAM                           532      532       2D      501       1
                cinit                              33D2     33D2       86        4       0
                nvBANK5                             5F8      5F8        4      560       1
                idataBANK5                         3F54     3F54        2        4       0
                idataBIGRAM                        12D8     12D8      400        4       0
                idataCOMRAM                        3F68     3F68        1        4       0

TOTAL           Name                               Link     Load   Length     Space
        CLASS   CODE           
                init                                 1A       1A        4         0
                reset_vec                             0        0        6         0
                ivt0x8                                8        8       12         0
                text110                            3F50     3F50        4         0
                text109                            3F4C     3F4C        4         0
                text108                            3E58     3E58       10         0
                text107                            3E32     3E32       14         0
                text106                            393A     393A       40         0
                text105                            3208     3208       A2         0
                text104                            3C78     3C78       2A         0
                text103                            3BF8     3BF8       2C         0
                text102                            3342     3342       90         0
                text101                            3E1E     3E1E       14         0
                text100                            3DCC     3DCC       16         0
                text99                             3D9E     3D9E       18         0
                text98                             3F66     3F66        2         0
                text97                             3B3A     3B3A       32         0
                text96                             3F36     3F36        8         0
                text95                             3F2E     3F2E        8         0
                text94                             16D8     16D8      38E         0
                text93                              9FA      9FA      4B6         0
                text92                             3872     3872       46         0
                text91                             24F4     24F4      1B4         0
                text90                             26A8     26A8      154         0
                text89                             3F64     3F64        2         0
                text88                             3B08     3B08       32         0
                text87                             3C4E     3C4E       2A         0
                text86                             3E46     3E46       12         0
                text85                             3F62     3F62        2         0
                text84                             3BCA     3BCA       2E         0
                text83                             3DB6     3DB6       16         0
                text82                             379A     379A       4A         0
                text81                             3D80     3D80       1E         0
                text80                             2E66     2E66       CA         0
                text79                             1F90     1F90      1E0         0
                text78                             374C     374C       4E         0
                text77                             3CA2     3CA2       26         0
                text76                             382C     382C       46         0
                text75                             3F60     3F60        2         0
                text74                             3A62     3A62       3A         0
                text73                             358C     358C       5E         0
                text72                             3F5E     3F5E        2         0
                text71                             3F5C     3F5C        2         0
                text70                             3B9C     3B9C       2E         0
                text69                             3F3E     3F3E        6         0
                text68                             3F5A     3F5A        2         0
                text67                             3F58     3F58        2         0
                text66                             3F56     3F56        2         0
                text65                             2936     2936      136         0
                text64                             3AD2     3AD2       36         0
                text63                             1D4C     1D4C      244         0
                text62                             3A28     3A28       3A         0
                text61                             3F24     3F24        A         0
                text60                             39EE     39EE       3A         0
                text59                             3D62     3D62       1E         0
                text58                             3E8C     3E8C        C         0
                text57                             3B6C     3B6C       30         0
                text56                             38B8     38B8       42         0
                text55                             36A0     36A0       58         0
                text54                             30B2     30B2       AE         0
                text53                             3C24     3C24       2A         0
                text52                             2C94     2C94      108         0
                text51                             2FF2     2FF2       C0         0
                text50                             3458     3458       72         0
                text49                             2A6C     2A6C      120         0
                text48                             2F30     2F30       C2         0
                text47                               1E       1E      524         0
                text46                             36F8     36F8       54         0
                text45                             27FC     27FC      13A         0
                text44                             3F48     3F48        4         0
                text43                             3E80     3E80        C         0
                text42                             3F44     3F44        4         0
                text41                             3E74     3E74        C         0
                text40                             35EA     35EA       5C         0
                text39                             3E0A     3E0A       14         0
                text38                             3E68     3E68        C         0
                text37                             3DF6     3DF6       14         0
                text36                             3646     3646       5A         0
                text35                             3F1A     3F1A        A         0
                text34                             3F10     3F10        A         0
                text33                             3F06     3F06        A         0
                text32                             39B4     39B4       3A         0
                text31                             3DE2     3DE2       14         0
                text30                             3EFC     3EFC        A         0
                text29                             3EF2     3EF2        A         0
                text28                             3160     3160       A8         0
                text27                             3EE8     3EE8        A         0
                text26                             3EDE     3EDE        A         0
                text25                             3ED4     3ED4        A         0
                text24                             34CA     34CA       62         0
                text23                             3ECA     3ECA        A         0
                text22                             3EC0     3EC0        A         0
                text21                             3EB6     3EB6        A         0
                text20                             352C     352C       60         0
                text19                             3D44     3D44       1E         0
                text18                             38FA     38FA       40         0
                text17                             3CC8     3CC8       22         0
                text16                             3D26     3D26       1E         0
                text15                             3D08     3D08       1E         0
                text14                             3CEA     3CEA       1E         0
                text13                             32AA     32AA       98         0
                text12                             3A9C     3A9C       36         0
                text11                             3EAC     3EAC        A         0
                text10                             3EA2     3EA2        A         0
                text9                              3E98     3E98        A         0
                text8                               EB0      EB0      428         0
                text7                              397A     397A       3A         0
                text6                               542      542      4B8         0
                text5                              37E4     37E4       48         0
                text4                              2B8C     2B8C      108         0
                text3                              233C     233C      1B8         0
                text2                              2D9C     2D9C       CA         0
                text1                              2170     2170      1CC         0
                text0                              1A66     1A66      2E6         0
                cinit                              33D2     33D2       86         0
                idataBANK5                         3F54     3F54        2         0
                idataBIGRAM                        12D8     12D8      400         0
                idataCOMRAM                        3F68     3F68        1         0

        CLASS   CONST          

        CLASS   SMALLCONST     

        CLASS   MEDIUMCONST    
                mediumconst                        F796     F796      86A         0

        CLASS   COMRAM         
                cstackCOMRAM                        501      501       31         1
                dataCOMRAM                          55F      55F        1         1
                bssCOMRAM                           532      532       2D         1

        CLASS   ABS1           

        CLASS   BIGRAM         
                dataBIGRAM                          660      660      400         1

        CLASS   RAM            

        CLASS   BANK5          
                cstackBANK5                         5B6      5B6       42         1
                dataBANK5                           5FC      5FC        2         1
                bssBANK5                            560      560       56         1
                nvBANK5                             5F8      5F8        4         1

        CLASS   BANK6          
                bssBANK6                            600      600       60         1

        CLASS   BANK7          

        CLASS   BANK8          

        CLASS   BANK9          

        CLASS   BANK10         

        CLASS   BANK11         

        CLASS   BANK12         

        CLASS   BANK13         

        CLASS   BANK14         

        CLASS   BANK15         

        CLASS   BANK16         

        CLASS   BANK17         

        CLASS   BANK18         

        CLASS   BANK19         

        CLASS   BANK20         

        CLASS   SFR            

        CLASS   BIGSFR         

        CLASS   CONFIG         
                config                           300000   300000        9         4

        CLASS   IDLOC          

        CLASS   EEDATA         

        CLASS   FARRAM         

        CLASS   HEAP           

        CLASS   STACK          



SEGMENTS        Name                           Load    Length   Top    Selector   Space  Class

                reset_vec                      000000  000006  000006         0       0  CODE    
                ivt0x8                         000008  003F61  003F69         4       0  CODE    
                cstackCOMRAM                   000501  00005F  000560       501       1  COMRAM  
                bssBANK5                       000560  00009E  0005FE       560       1  BANK5   
                bssBANK6                       000600  000060  000660       600       1  BANK6   
                dataBIGRAM                     000660  000400  000A60       660       1  BIGRAM  
                mediumconst                    00F796  00086A  010000      7BCB       0  MEDIUMCO


UNUSED ADDRESS RANGES

        Name                Unused          Largest block    Delta
        BANK10           000A60-000AFF               A0
        BANK11           000B00-000BFF              100
        BANK12           000C00-000CFF              100
        BANK13           000D00-000DFF              100
        BANK14           000E00-000EFF              100
        BANK15           000F00-000FFF              100
        BANK16           001000-0010FF              100
        BANK17           001100-0011FF              100
        BANK18           001200-0012FF              100
        BANK19           001300-0013FF              100
        BANK20           001400-0014FF              100
        BANK5            0005FE-0005FF                2
        BIGRAM           0005FE-0005FF                2
                         000A60-0014FF              AA0
        BIGSFR           000000-0004FF              500
                         001500-0015FF              100
        CODE             000006-000007                2
                         003F69-00F795             B82D
        CONFIG           300009-300011                9
        CONST            000006-000007                2
                         003F69-00F795             B82D
        EEDATA           380000-3801FF              200
        IDLOC            200000-20003F               40
        MEDIUMCONST      003F69-00F795             B82D
        RAM              0005FE-0005FF                2
                         000A60-0014FF              100
        SFR              000000-0004FF              100
                         001500-0015FF              100
        SMALLCONST       003F69-00F795              100

                                  Symbol Table

?_ADC_ChannelSelectAndConvert                                 cstackBANK5  0005B6
?___awdiv                                                     cstackBANK5  0005B6
?___fladd                                                     cstackBANK5  0005B6
?___fldiv                                                     cstackCOMRAM 00050F
?___flmul                                                     cstackBANK5  0005C4
?___flneg                                                     cstackBANK5  0005B6
?___flsub                                                     cstackBANK5  0005C6
?___fltol                                                     cstackBANK5  0005B6
?___xxtofl                                                    cstackBANK5  0005B6
?_printf                                                      cstackCOMRAM 000520
?_strlen                                                      cstackBANK5  0005B6
?_vfprintf                                                    cstackCOMRAM 000518
?i2___fladd                                                   cstackCOMRAM 000501
?i2___flsub                                                   cstackCOMRAM 000511
?i2___xxtofl                                                  cstackCOMRAM 000501
ADC_ChannelSelectAndConvert@channel                           cstackBANK5  0005BA
BtnSet_SetInterruptHandler@InterruptHandler                   cstackBANK5  0005B6
DAC1_SetOutput@inputData                                      cstackBANK5  0005C0
I2C1_ErrorGet@retErrorState                                   cstackBANK5  0005B6
I2C1_Write@address                                            cstackBANK5  0005B7
I2C1_Write@data                                               cstackBANK5  0005B9
I2C1_Write@dataLength                                         cstackBANK5  0005BB
I2C1_Write@retStatus                                          cstackBANK5  0005BD
INT0_SetInterruptHandler@InterruptHandler                     cstackBANK5  0005B6
INT1_SetInterruptHandler@InterruptHandler                     cstackBANK5  0005B6
INT2_SetInterruptHandler@InterruptHandler                     cstackBANK5  0005B6
IVTBASEH                                                      (abs)        00045E
IVTBASEL                                                      (abs)        00045D
IVTBASEU                                                      (abs)        00045F
InSensor_SetInterruptHandler@InterruptHandler                 cstackBANK5  0005B6
OLED_DrawPixel@color                                          cstackBANK5  0005BA
OLED_DrawPixel@index                                          cstackBANK5  0005BF
OLED_DrawPixel@mask                                           cstackBANK5  0005C1
OLED_DrawPixel@page                                           cstackBANK5  0005BD
OLED_DrawPixel@x                                              cstackBANK5  0005B6
OLED_DrawPixel@y                                              cstackBANK5  0005B8
OLED_SetFont@font                                             cstackBANK5  0005B6
OLED_Update@chunk                                             cstackBANK5  0005E9
OLED_Update@data                                              cstackBANK5  0005D0
OLED_Update@remaining                                         cstackBANK5  0005E5
OLED_Update@sent                                              cstackBANK5  0005E7
OLED_Update@total                                             cstackBANK5  0005E3
OLED_Update@x                                                 cstackBANK5  0005EA
OLED_Write@b                                                  cstackBANK5  0005DF
OLED_Write@cbit                                               cstackBANK5  0005D7
OLED_Write@cbyte                                              cstackBANK5  0005D3
OLED_Write@cnt                                                cstackBANK5  0005E8
OLED_Write@cx                                                 cstackBANK5  0005E2
OLED_Write@cy                                                 cstackBANK5  0005E4
OLED_Write@font_idx                                           cstackBANK5  0005E0
OLED_Write@index                                              cstackBANK5  0005D5
OLED_Write@page                                               cstackBANK5  0005D1
OLED_Write@pages                                              cstackBANK5  0005CF
OLED_Write@px                                                 cstackBANK5  0005DB
OLED_Write@py                                                 cstackBANK5  0005DD
OLED_Write@rowcnt                                             cstackBANK5  0005E6
OLED_Write@temp                                               cstackBANK5  0005D9
OLED_Write@value                                              cstackBANK5  0005C6
OLED_Write@x                                                  cstackBANK5  0005C2
OLED_Write@y                                                  cstackBANK5  0005C4
OLED_Write_Text@cnt                                           cstackBANK5  0005F4
OLED_Write_Text@length                                        cstackBANK5  0005F6
OLED_Write_Text@text                                          cstackBANK5  0005EE
OLED_Write_Text@x                                             cstackBANK5  0005EA
OLED_Write_Text@y                                             cstackBANK5  0005EC
PWM1_16BIT_Period_SetInterruptHandler@InterruptHandler        cstackBANK5  0005B6
PWM1_16BIT_SetSlice1Output1DutyCycleRegister@registerValue    cstackBANK5  0005C0
PWM1_16BIT_Slice1Output1_SetInterruptHandler@InterruptHandler cstackBANK5  0005B6
PWM1_16BIT_Slice1Output2_SetInterruptHandler@InterruptHandler cstackBANK5  0005B6
PWM2_16BIT_Period_SetInterruptHandler@InterruptHandler        cstackBANK5  0005B6
PWM2_16BIT_SetSlice1Output1DutyCycleRegister@registerValue    cstackBANK5  0005C0
PWM2_16BIT_Slice1Output1_SetInterruptHandler@InterruptHandler cstackBANK5  0005B6
PWM2_16BIT_Slice1Output2_SetInterruptHandler@InterruptHandler cstackBANK5  0005B6
TMR0_CounterGet@counterValue                                  cstackCOMRAM 000501
TMR0_CounterSet@counterValue                                  cstackCOMRAM 000501
TMR0_PeriodMatchCallbackRegister@callbackHandler              cstackBANK5  0005B6
TMR1_CounterSet@onState                                       cstackCOMRAM 000503
TMR1_CounterSet@timerVal                                      cstackCOMRAM 000501
TMR1_OverflowCallbackRegister@CallbackHandler                 cstackBANK5  0005B6
TMR1_OverflowISR@CountCallBack                                bssBANK5     0005A4
TMR2_PeriodMatchCallbackRegister@callbackHandler              cstackBANK5  0005B6
UART1_FramingErrorCallbackRegister@callbackHandler            cstackBANK5  0005B6
UART1_OverrunErrorCallbackRegister@callbackHandler            cstackBANK5  0005B6
UART1_ParityErrorCallbackRegister@callbackHandler             cstackBANK5  0005B6
UART1_ReceiveISR@regValue                                     cstackCOMRAM 000501
UART1_ReceiveISR@tempRxHead                                   cstackCOMRAM 000502
UART1_TransmitISR@tempTxTail                                  cstackCOMRAM 000501
UART1_Write@tempTxHead                                        cstackCOMRAM 000501
UART1_Write@txData                                            cstackCOMRAM 000502
_ACTCON                                                       (abs)        0000AC
_ADACCH                                                       (abs)        0003E4
_ADACCL                                                       (abs)        0003E3
_ADACCU                                                       (abs)        0003E5
_ADACQH                                                       (abs)        0003EF
_ADACQL                                                       (abs)        0003EE
_ADACT                                                        (abs)        0003F9
_ADCAP                                                        (abs)        0003F0
_ADCLK                                                        (abs)        0003FA
_ADCNT                                                        (abs)        0003E6
_ADCON0                                                       (abs)        0003F3
_ADCON0bits                                                   (abs)        0003F3
_ADCON1                                                       (abs)        0003F4
_ADCON1bits                                                   (abs)        0003F4
_ADCON2                                                       (abs)        0003F5
_ADCON2bits                                                   (abs)        0003F5
_ADCON3                                                       (abs)        0003F6
_ADCON3bits                                                   (abs)        0003F6
_ADCP                                                         (abs)        0003D8
_ADCPbits                                                     (abs)        0003D8
_ADC_ChannelSelectAndConvert                                  text62       003A28
_ADC_ConversionDoneCallback                                   bssBANK5     0005B0
_ADC_ISR                                                      text110      003F50
_ADC_Initialize                                               text40       0035EA
_ADC_ThresholdCallback                                        bssBANK5     0005AE
_ADC_ThresholdISR                                             text109      003F4C
_ADERRH                                                       (abs)        0003DE
_ADERRL                                                       (abs)        0003DD
_ADFLTRH                                                      (abs)        0003E2
_ADFLTRL                                                      (abs)        0003E1
_ADLTHH                                                       (abs)        0003DA
_ADLTHL                                                       (abs)        0003D9
_ADPCH                                                        (abs)        0003EC
_ADPREH                                                       (abs)        0003F2
_ADPREL                                                       (abs)        0003F1
_ADPREVH                                                      (abs)        0003E9
_ADPREVL                                                      (abs)        0003E8
_ADREF                                                        (abs)        0003F8
_ADRESH                                                       (abs)        0003EB
_ADRESL                                                       (abs)        0003EA
_ADRPT                                                        (abs)        0003E7
_ADSTAT                                                       (abs)        0003F7
_ADSTATbits                                                   (abs)        0003F7
_ADSTPTH                                                      (abs)        0003E0
_ADSTPTL                                                      (abs)        0003DF
_ADUTHH                                                       (abs)        0003DC
_ADUTHL                                                       (abs)        0003DB
_ANSELA                                                       (abs)        000400
_ANSELB                                                       (abs)        000408
_ANSELC                                                       (abs)        000410
_BtnSet_DefaultInterruptHandler                               text98       003F66
_BtnSet_ISR                                                   text97       003B3A
_BtnSet_InterruptHandler                                      nvBANK5      0005F8
_BtnSet_SetInterruptHandler                                   text30       003EFC
_CLOCK_Initialize                                             text39       003E0A
_DAC1CON                                                      (abs)        00007F
_DAC1DATL                                                     (abs)        00007D
_DAC1_Initialize                                              text38       003E68
_DAC1_SetOutput                                               text61       003F24
_DACval                                                       bssBANK5     000580
_FONT_1                                                       mediumconst  00FDA9
_FONT_2                                                       mediumconst  00F7B5
_I2C1ADB1                                                     (abs)        00028F
_I2C1BAUD                                                     (abs)        00029D
_I2C1BTOC                                                     (abs)        00029F
_I2C1CLK                                                      (abs)        00029E
_I2C1CNTH                                                     (abs)        00028D
_I2C1CNTL                                                     (abs)        00028C
_I2C1CON0                                                     (abs)        000294
_I2C1CON0bits                                                 (abs)        000294
_I2C1CON1                                                     (abs)        000295
_I2C1CON1bits                                                 (abs)        000295
_I2C1CON2                                                     (abs)        000296
_I2C1ERR                                                      (abs)        000297
_I2C1ERRbits                                                  (abs)        000297
_I2C1PIE                                                      (abs)        00029B
_I2C1PIEbits                                                  (abs)        00029B
_I2C1PIR                                                      (abs)        00029A
_I2C1PIRbits                                                  (abs)        00029A
_I2C1RXB                                                      (abs)        00028A
_I2C1SCLPPS                                                   (abs)        000271
_I2C1SDAPPS                                                   (abs)        000270
_I2C1STAT0bits                                                (abs)        000298
_I2C1STAT1                                                    (abs)        000299
_I2C1STAT1bits                                                (abs)        000299
_I2C1TXB                                                      (abs)        00028B
_I2C1_BusReset                                                text106      00393A
_I2C1_Callback                                                bssBANK5     0005AC
_I2C1_CallbackRegister                                        (abs)        000000
_I2C1_Close                                                   text104      003C78
_I2C1_Deinitialize                                            (abs)        000000
_I2C1_ERROR_ISR                                               text105      003208
_I2C1_ErrorGet                                                text58       003E8C
_I2C1_Host                                                    mediumconst  00F797
_I2C1_ISR                                                     text102      003342
_I2C1_Initialize                                              text36       003646
_I2C1_InterruptsDisable                                       text108      003E58
_I2C1_InterruptsEnable                                        text37       003DF6
_I2C1_IsBusy                                                  text57       003B6C
_I2C1_IsBusy$1181                                             cstackBANK5  0005B6
_I2C1_RX_ISR                                                  text101      003E1E
_I2C1_Read                                                    (abs)        000000
_I2C1_ReadStart                                               text103      003BF8
_I2C1_TX_ISR                                                  text100      003DCC
_I2C1_Write                                                   text55       0036A0
_I2C1_WriteRead                                               (abs)        000000
_I2C1_WriteStart                                              text56       0038B8
_INLVLA                                                       (abs)        000404
_INLVLB                                                       (abs)        00040C
_INLVLC                                                       (abs)        000414
_INT0_DefaultInterruptHandler                                 (abs)        000000
_INT0_InterruptHandler                                        bssCOMRAM    000540
_INT0_SetInterruptHandler                                     text35       003F1A
_INT1_DefaultInterruptHandler                                 (abs)        000000
_INT1_InterruptHandler                                        bssCOMRAM    00053E
_INT1_SetInterruptHandler                                     text34       003F10
_INT2_DefaultInterruptHandler                                 (abs)        000000
_INT2_InterruptHandler                                        bssCOMRAM    00053C
_INT2_SetInterruptHandler                                     text33       003F06
_INTCON0bits                                                  (abs)        0004D6
_INTERRUPT_Initialize                                         text32       0039B4
_INTERRUPT_InterruptManager                                   text63       001D4C
_IOCAF                                                        (abs)        000407
_IOCAFbits                                                    (abs)        000407
_IOCAN                                                        (abs)        000406
_IOCAP                                                        (abs)        000405
_IOCBF                                                        (abs)        00040F
_IOCBN                                                        (abs)        00040E
_IOCBP                                                        (abs)        00040D
_IOCCF                                                        (abs)        000417
_IOCCFbits                                                    (abs)        000417
_IOCCN                                                        (abs)        000416
_IOCCP                                                        (abs)        000415
_InSensor_DefaultInterruptHandler                             text89       003F64
_InSensor_ISR                                                 text88       003B08
_InSensor_InterruptHandler                                    nvBANK5      0005FA
_InSensor_SetInterruptHandler                                 text29       003EF2
_LATA                                                         (abs)        0004BE
_LATAbits                                                     (abs)        0004BE
_LATB                                                         (abs)        0004BF
_LATC                                                         (abs)        0004C0
_LKP                                                          text74       003A62
_ODCONA                                                       (abs)        000402
_ODCONB                                                       (abs)        00040A
_ODCONC                                                       (abs)        000412
_OLED_ClearDisplay                                            text59       003D62
_OLED_DrawPixel                                               text49       002A6C
_OLED_Init                                                    text51       002FF2
_OLED_SetFont                                                 text50       003458
_OLED_Update                                                  text52       002C94
_OLED_Update$3880                                             cstackBANK5  0005E1
_OLED_Write                                                   text47       00001E
_OLED_Write_Text                                              text45       0027FC
_OPA1CON0                                                     (abs)        0000A3
_OPA1CON0bits                                                 (abs)        0000A3
_OPA1CON1                                                     (abs)        0000A4
_OPA1CON1bits                                                 (abs)        0000A4
_OPA1CON2                                                     (abs)        0000A5
_OPA1CON2bits                                                 (abs)        0000A5
_OPA1CON3                                                     (abs)        0000A6
_OPA1CON3bits                                                 (abs)        0000A6
_OPA1HWC                                                      (abs)        0000A7
_OPA1HWCbits                                                  (abs)        0000A7
_OPA1OFFSET                                                   (abs)        0000A8
_OPA1ORS                                                      (abs)        0000A9
_OPA1_Initialize                                              text31       003DE2
_OSCCON1                                                      (abs)        0000AD
_OSCCON3                                                      (abs)        0000AF
_OSCEN                                                        (abs)        0000B3
_OSCFRQ                                                       (abs)        0000B1
_OSCTUNE                                                      (abs)        0000B0
_PIE0bits                                                     (abs)        0004A8
_PIE1bits                                                     (abs)        0004A9
_PIE2bits                                                     (abs)        0004AA
_PIE3bits                                                     (abs)        0004AB
_PIE4bits                                                     (abs)        0004AC
_PIE5bits                                                     (abs)        0004AD
_PIE7bits                                                     (abs)        0004AF
_PIN_MANAGER_IOC                                              text87       003C4E
_PIN_MANAGER_Initialize                                       text28       003160
_PIR0bits                                                     (abs)        0004B3
_PIR10bits                                                    (abs)        0004BD
_PIR1bits                                                     (abs)        0004B4
_PIR2bits                                                     (abs)        0004B5
_PIR3bits                                                     (abs)        0004B6
_PIR4bits                                                     (abs)        0004B7
_PIR5bits                                                     (abs)        0004B8
_PIR6bits                                                     (abs)        0004B9
_PIR7bits                                                     (abs)        0004BA
_PWM1CLK                                                      (abs)        000461
_PWM1CON                                                      (abs)        000469
_PWM1CONbits                                                  (abs)        000469
_PWM1CPRE                                                     (abs)        000465
_PWM1ERS                                                      (abs)        000460
_PWM1GIE                                                      (abs)        000468
_PWM1GIEbits                                                  (abs)        000468
_PWM1GIR                                                      (abs)        000467
_PWM1GIRbits                                                  (abs)        000467
_PWM1LDS                                                      (abs)        000462
_PWM1PIPOS                                                    (abs)        000466
_PWM1PRH                                                      (abs)        000464
_PWM1PRL                                                      (abs)        000463
_PWM1S1CFG                                                    (abs)        00046A
_PWM1S1P1H                                                    (abs)        00046C
_PWM1S1P1L                                                    (abs)        00046B
_PWM1S1P2H                                                    (abs)        00046E
_PWM1S1P2L                                                    (abs)        00046D
_PWM1_16BIT_Initialize                                        text24       0034CA
_PWM1_16BIT_LoadBufferRegisters                               text44       003F48
_PWM1_16BIT_Period_DefaultInterruptHandler                    (abs)        000000
_PWM1_16BIT_Period_InterruptHandler                           bssCOMRAM    000548
_PWM1_16BIT_Period_SetInterruptHandler                        text27       003EE8
_PWM1_16BIT_SetSlice1Output1DutyCycleRegister                 text43       003E80
_PWM1_16BIT_Slice1Output1_DefaultInterruptHandler             (abs)        000000
_PWM1_16BIT_Slice1Output1_InterruptHandler                    bssCOMRAM    00054C
_PWM1_16BIT_Slice1Output1_SetInterruptHandler                 text26       003EDE
_PWM1_16BIT_Slice1Output2_DefaultInterruptHandler             (abs)        000000
_PWM1_16BIT_Slice1Output2_InterruptHandler                    bssCOMRAM    00054A
_PWM1_16BIT_Slice1Output2_SetInterruptHandler                 text25       003ED4
_PWM2CLK                                                      (abs)        000470
_PWM2CON                                                      (abs)        000478
_PWM2CONbits                                                  (abs)        000478
_PWM2CPRE                                                     (abs)        000474
_PWM2ERS                                                      (abs)        00046F
_PWM2GIE                                                      (abs)        000477
_PWM2GIEbits                                                  (abs)        000477
_PWM2GIR                                                      (abs)        000476
_PWM2GIRbits                                                  (abs)        000476
_PWM2LDS                                                      (abs)        000471
_PWM2PIPOS                                                    (abs)        000475
_PWM2PRH                                                      (abs)        000473
_PWM2PRL                                                      (abs)        000472
_PWM2S1CFG                                                    (abs)        000479
_PWM2S1P1H                                                    (abs)        00047B
_PWM2S1P1L                                                    (abs)        00047A
_PWM2S1P2H                                                    (abs)        00047D
_PWM2S1P2L                                                    (abs)        00047C
_PWM2_16BIT_Initialize                                        text20       00352C
_PWM2_16BIT_LoadBufferRegisters                               text42       003F44
_PWM2_16BIT_Period_DefaultInterruptHandler                    (abs)        000000
_PWM2_16BIT_Period_InterruptHandler                           bssCOMRAM    000542
_PWM2_16BIT_Period_SetInterruptHandler                        text23       003ECA
_PWM2_16BIT_SetSlice1Output1DutyCycleRegister                 text41       003E74
_PWM2_16BIT_Slice1Output1_DefaultInterruptHandler             (abs)        000000
_PWM2_16BIT_Slice1Output1_InterruptHandler                    bssCOMRAM    000546
_PWM2_16BIT_Slice1Output1_SetInterruptHandler                 text22       003EC0
_PWM2_16BIT_Slice1Output2_DefaultInterruptHandler             (abs)        000000
_PWM2_16BIT_Slice1Output2_InterruptHandler                    bssCOMRAM    000544
_PWM2_16BIT_Slice1Output2_SetInterruptHandler                 text21       003EB6
_RB4I2C                                                       (abs)        000287
_RB6I2C                                                       (abs)        000286
_RB6PPS                                                       (abs)        00020F
_RB7PPS                                                       (abs)        000210
_RC0PPS                                                       (abs)        000211
_RC4PPS                                                       (abs)        000215
_RC7PPS                                                       (abs)        000218
_SLRCONA                                                      (abs)        000403
_SLRCONB                                                      (abs)        00040B
_SLRCONC                                                      (abs)        000413
_SYSTEM_Initialize                                            text12       003A9C
_T0CON0                                                       (abs)        00031A
_T0CON0bits                                                   (abs)        00031A
_T0CON1                                                       (abs)        00031B
_T1CLK                                                        (abs)        000317
_T1CON                                                        (abs)        000314
_T1CONbits                                                    (abs)        000314
_T1GATE                                                       (abs)        000316
_T1GCON                                                       (abs)        000315
_T1GCONbits                                                   (abs)        000315
_T2CLKCON                                                     (abs)        000320
_T2CON                                                        (abs)        00031E
_T2CONbits                                                    (abs)        00031E
_T2HLT                                                        (abs)        00031F
_T2HLTbits                                                    (abs)        00031F
_T2PR                                                         (abs)        00031D
_T2RST                                                        (abs)        000321
_T2RSTbits                                                    (abs)        000321
_T2TMR                                                        (abs)        00031C
_TMR0H                                                        (abs)        000319
_TMR0L                                                        (abs)        000318
_TMR0_CounterGet                                              text96       003F36
_TMR0_CounterSet                                              text95       003F2E
_TMR0_DefaultCallback                                         text85       003F62
_TMR0_ISR                                                     text84       003BCA
_TMR0_Initialize                                              text19       003D44
_TMR0_PeriodMatchCallback                                     bssCOMRAM    000538
_TMR0_PeriodMatchCallbackRegister                             text11       003EAC
_TMR1H                                                        (abs)        000313
_TMR1L                                                        (abs)        000312
_TMR1_CounterSet                                              text76       00382C
_TMR1_DefaultGateCallback                                     (abs)        000000
_TMR1_DefaultOverflowCallback                                 text75       003F60
_TMR1_GateCallback                                            bssCOMRAM    000532
_TMR1_Initialize                                              text18       0038FA
_TMR1_OverflowCallback                                        bssCOMRAM    000534
_TMR1_OverflowCallbackRegister                                text10       003EA2
_TMR1_OverflowISR                                             text73       00358C
_TMR2_DefaultPeriodMatchCallback                              text71       003F5C
_TMR2_ISR                                                     text70       003B9C
_TMR2_Initialize                                              text17       003CC8
_TMR2_PeriodMatchCallback                                     bssCOMRAM    00053A
_TMR2_PeriodMatchCallbackRegister                             text9        003E98
_TRISA                                                        (abs)        0004C6
_TRISB                                                        (abs)        0004C7
_TRISC                                                        (abs)        0004C8
_U1BRGH                                                       (abs)        0002AF
_U1BRGL                                                       (abs)        0002AE
_U1CON0                                                       (abs)        0002AB
_U1CON0bits                                                   (abs)        0002AB
_U1CON1                                                       (abs)        0002AC
_U1CON1bits                                                   (abs)        0002AC
_U1CON2                                                       (abs)        0002AD
_U1ERRIE                                                      (abs)        0002B3
_U1ERRIR                                                      (abs)        0002B2
_U1ERRIRbits                                                  (abs)        0002B2
_U1FIFO                                                       (abs)        0002B0
_U1P1H                                                        (abs)        0002A6
_U1P1L                                                        (abs)        0002A5
_U1P2H                                                        (abs)        0002A8
_U1P2L                                                        (abs)        0002A7
_U1P3H                                                        (abs)        0002AA
_U1P3L                                                        (abs)        0002A9
_U1RXB                                                        (abs)        0002A1
_U1RXCHK                                                      (abs)        0002A2
_U1RXPPS                                                      (abs)        000272
_U1TXB                                                        (abs)        0002A3
_U1TXCHK                                                      (abs)        0002A4
_U1UIR                                                        (abs)        0002B1
_U1UIRbits                                                    (abs)        0002B1
_UART1_DefaultFramingErrorCallback                            text68       003F5A
_UART1_DefaultOverrunErrorCallback                            text67       003F58
_UART1_DefaultParityErrorCallback                             text66       003F56
_UART1_FramingErrorCallbackRegister                           text16       003D26
_UART1_FramingErrorHandler                                    bssBANK5     0005A0
_UART1_GeneralErrorInterruptHandler                           bssBANK5     000596
_UART1_GeneralISR                                             text69       003F3E
_UART1_GeneralInterruptHandler                                bssBANK5     0005A6
_UART1_Initialize                                             text13       0032AA
_UART1_IsTxReady                                              text83       003DB6
_UART1_OverrunErrorCallbackRegister                           text15       003D08
_UART1_OverrunErrorHandler                                    bssBANK5     00059E
_UART1_ParityErrorCallbackRegister                            text14       003CEA
_UART1_ParityErrorHandler                                     bssBANK5     00059C
_UART1_ReceiveISR                                             text65       002936
_UART1_RxCompleteInterruptHandler                             bssBANK5     000598
_UART1_RxInterruptHandler                                     bssBANK5     0005A8
_UART1_TransmitISR                                            text64       003AD2
_UART1_TxCompleteInterruptHandler                             bssBANK5     00059A
_UART1_TxInterruptHandler                                     bssBANK5     0005AA
_UART1_Write                                                  text82       00379A
_WPUA                                                         (abs)        000401
_WPUB                                                         (abs)        000409
_WPUC                                                         (abs)        000411
__HRAM                                                        (abs)        000000
__H__absolute__                                               __absolute__ 000000
__Habs1                                                       abs1         000000
__Hbank10                                                     bank10       000000
__Hbank11                                                     bank11       000000
__Hbank12                                                     bank12       000000
__Hbank13                                                     bank13       000000
__Hbank14                                                     bank14       000000
__Hbank15                                                     bank15       000000
__Hbank16                                                     bank16       000000
__Hbank17                                                     bank17       000000
__Hbank18                                                     bank18       000000
__Hbank19                                                     bank19       000000
__Hbank20                                                     bank20       000000
__Hbank5                                                      bank5        000000
__Hbank6                                                      bank6        000000
__Hbank7                                                      bank7        000000
__Hbank8                                                      bank8        000000
__Hbank9                                                      bank9        000000
__Hbigbss                                                     bigbss       000000
__Hbigdata                                                    bigdata      000000
__Hbigram                                                     bigram       000000
__Hbigsfr                                                     bigsfr       000000
__Hbss                                                        bss          000000
__HbssBANK5                                                   bssBANK5     000000
__HbssBANK6                                                   bssBANK6     000000
__HbssCOMRAM                                                  bssCOMRAM    000000
__Hcinit                                                      cinit        000000
__Hclrtext                                                    clrtext      000000
__Hcomram                                                     comram       000000
__Hconfig                                                     config       300009
__Hconst                                                      const        000000
__HcstackBANK5                                                cstackBANK5  000000
__HcstackCOMRAM                                               cstackCOMRAM 000000
__Hdata                                                       data         000000
__HdataBANK5                                                  dataBANK5    000000
__HdataBIGRAM                                                 dataBIGRAM   000000
__HdataCOMRAM                                                 dataCOMRAM   000000
__Heeprom_data                                                eeprom_data  000000
__Hfarbss                                                     farbss       000000
__Hfardata                                                    fardata      000000
__Hheap                                                       heap         000000
__Hibigdata                                                   ibigdata     000000
__Hidata                                                      idata        000000
__HidataBANK5                                                 idataBANK5   000000
__HidataBIGRAM                                                idataBIGRAM  000000
__HidataCOMRAM                                                idataCOMRAM  000000
__Hidloc                                                      idloc        000000
__Hifardata                                                   ifardata     000000
__Hinit                                                       init         00001E
__Hintsave_regs                                               intsave_regs 000000
__Hirdata                                                     irdata       000000
__Hivt0x8                                                     ivt0x8       00001A
__Hmediumconst                                                mediumconst  010000
__HnvBANK5                                                    nvBANK5      000000
__HnvFARRAM                                                   nvFARRAM     000000
__Hnvbit                                                      nvbit        000000
__Hnvrram                                                     nvrram       000000
__Hparam                                                      rparam       000000
__Hpowerup                                                    powerup      000000
__Hram                                                        ram          000000
__Hramtop                                                     ramtop       001600
__Hrbit                                                       rbit         000000
__Hrbss                                                       rbss         000000
__Hrdata                                                      rdata        000000
__Hreset_vec                                                  reset_vec    000006
__Hrparam                                                     rparam       000000
__Hsfr                                                        sfr          000000
__Hsmallconst                                                 smallconst   000000
__Hspace_0                                                    (abs)        010000
__Hspace_1                                                    (abs)        000A60
__Hspace_2                                                    (abs)        000000
__Hspace_4                                                    (abs)        600009
__Hstack                                                      stack        000000
__Hstruct                                                     struct       000000
__Htemp                                                       temp         000000
__Htext                                                       text         000000
__Htext0                                                      text0        000000
__Htext1                                                      text1        000000
__Htext10                                                     text10       000000
__Htext100                                                    text100      000000
__Htext101                                                    text101      000000
__Htext102                                                    text102      000000
__Htext103                                                    text103      000000
__Htext104                                                    text104      000000
__Htext105                                                    text105      000000
__Htext106                                                    text106      000000
__Htext107                                                    text107      000000
__Htext108                                                    text108      000000
__Htext109                                                    text109      000000
__Htext11                                                     text11       000000
__Htext110                                                    text110      000000
__Htext12                                                     text12       000000
__Htext13                                                     text13       000000
__Htext14                                                     text14       000000
__Htext15                                                     text15       000000
__Htext16                                                     text16       000000
__Htext17                                                     text17       000000
__Htext18                                                     text18       000000
__Htext19                                                     text19       000000
__Htext2                                                      text2        000000
__Htext20                                                     text20       000000
__Htext21                                                     text21       000000
__Htext22                                                     text22       000000
__Htext23                                                     text23       000000
__Htext24                                                     text24       000000
__Htext25                                                     text25       000000
__Htext26                                                     text26       000000
__Htext27                                                     text27       000000
__Htext28                                                     text28       000000
__Htext29                                                     text29       000000
__Htext3                                                      text3        000000
__Htext30                                                     text30       000000
__Htext31                                                     text31       000000
__Htext32                                                     text32       000000
__Htext33                                                     text33       000000
__Htext34                                                     text34       000000
__Htext35                                                     text35       000000
__Htext36                                                     text36       000000
__Htext37                                                     text37       000000
__Htext38                                                     text38       000000
__Htext39                                                     text39       000000
__Htext4                                                      text4        000000
__Htext40                                                     text40       000000
__Htext41                                                     text41       000000
__Htext42                                                     text42       000000
__Htext43                                                     text43       000000
__Htext44                                                     text44       000000
__Htext45                                                     text45       000000
__Htext46                                                     text46       000000
__Htext47                                                     text47       000000
__Htext48                                                     text48       000000
__Htext49                                                     text49       000000
__Htext5                                                      text5        000000
__Htext50                                                     text50       000000
__Htext51                                                     text51       000000
__Htext52                                                     text52       000000
__Htext53                                                     text53       000000
__Htext54                                                     text54       000000
__Htext55                                                     text55       000000
__Htext56                                                     text56       000000
__Htext57                                                     text57       000000
__Htext58                                                     text58       000000
__Htext59                                                     text59       000000
__Htext6                                                      text6        000000
__Htext60                                                     text60       000000
__Htext61                                                     text61       000000
__Htext62                                                     text62       000000
__Htext63                                                     text63       000000
__Htext64                                                     text64       000000
__Htext65                                                     text65       000000
__Htext66                                                     text66       000000
__Htext67                                                     text67       000000
__Htext68                                                     text68       000000
__Htext69                                                     text69       000000
__Htext7                                                      text7        000000
__Htext70                                                     text70       000000
__Htext71                                                     text71       000000
__Htext72                                                     text72       000000
__Htext73                                                     text73       000000
__Htext74                                                     text74       000000
__Htext75                                                     text75       000000
__Htext76                                                     text76       000000
__Htext77                                                     text77       000000
__Htext78                                                     text78       000000
__Htext79                                                     text79       000000
__Htext8                                                      text8        000000
__Htext80                                                     text80       000000
__Htext81                                                     text81       000000
__Htext82                                                     text82       000000
__Htext83                                                     text83       000000
__Htext84                                                     text84       000000
__Htext85                                                     text85       000000
__Htext86                                                     text86       000000
__Htext87                                                     text87       000000
__Htext88                                                     text88       000000
__Htext89                                                     text89       000000
__Htext9                                                      text9        000000
__Htext90                                                     text90       000000
__Htext91                                                     text91       000000
__Htext92                                                     text92       000000
__Htext93                                                     text93       000000
__Htext94                                                     text94       000000
__Htext95                                                     text95       000000
__Htext96                                                     text96       000000
__Htext97                                                     text97       000000
[...]
__ptext99                                                     text99       003D9E
__ramtop                                                      ramtop       001600
__smallconst                                                  mediumconst  00F796
_adc_busy_status                                              bssCOMRAM    000557
_boton1                                                       text99       003D9E
_buffer                                                       dataBIGRAM   000660
_cfont                                                        bssBANK5     000575
_contador                                                     bssCOMRAM    00055E
_conv1                                                        bssCOMRAM    00055C
_conv2                                                        bssBANK5     0005B4
_dutyValue                                                    bssBANK5     000588
_dutyValue1                                                   bssBANK5     000584
_flagguardar                                                  dataCOMRAM   00055F
_flags                                                        bssCOMRAM    00054E
_floatToStr                                                   text1        002170
_floatToStr$3940                                              cstackBANK5  0005E5
_fputc                                                        text80       002E66
_frecuencia                                                   bssCOMRAM    000558
_freq_ma_buf                                                  bssBANK6     000620
_freq_ma_sum                                                  bssBANK5     00057C
_i2c1Status                                                   bssBANK5     000560
_i2c_write                                                    text54       0030B2
_interruptSensor                                              text90       0026A8
_interruptTimer0                                              text86       003E46
_interruptTimer2                                              text72       003F5E
_ma_count                                                     bssCOMRAM    00054F
_ma_idx                                                       bssCOMRAM    000550
_main                                                         text0        001A66
_memset                                                       text60       0039EE
_powers10                                                     mediumconst  00F7AB
_prec                                                         bssBANK5     000592
_printf                                                       text77       003CA2
_putch                                                        text81       003D80
_ssd1306_command                                              text53       003C24
_str                                                          bssBANK6     000658
_strlen                                                       text46       0036F8
_timer1ReloadVal                                              bssCOMRAM    000536
_uIntToStr                                                    text2        002D9C
_uart1RxBuffer                                                bssBANK6     000650
_uart1RxCount                                                 bssCOMRAM    000551
_uart1RxHead                                                  bssCOMRAM    000553
_uart1RxLastError                                             bssBANK5     0005A2
_uart1RxStatusBuffer                                          bssBANK6     000640
_uart1RxTail                                                  bssCOMRAM    000552
_uart1TxBuffer                                                bssBANK5     00056D
_uart1TxBufferRemaining                                       bssCOMRAM    000554
_uart1TxHead                                                  bssCOMRAM    000556
_uart1TxTail                                                  bssCOMRAM    000555
_valorGuardado                                                bssBANK5     0005B2
_vfpfcnvrt                                                    text79       001F90
_vfprintf                                                     text78       00374C
_voltaje1                                                     bssBANK5     00058C
_width                                                        bssBANK5     000590
end_of_initialization                                         cinit        003452
floatToStr@digit                                              cstackBANK5  0005EA
floatToStr@endLine                                            cstackBANK5  0005E4
floatToStr@frac_part                                          cstackBANK5  0005EB
floatToStr@i                                                  cstackBANK5  0005EF
floatToStr@int_part                                           cstackBANK5  0005E8
floatToStr@n                                                  cstackBANK5  0005DD
floatToStr@p                                                  cstackBANK5  0005E7
floatToStr@precision                                          cstackBANK5  0005E3
floatToStr@res                                                cstackBANK5  0005E1
fputc@c                                                       cstackCOMRAM 000504
fputc@fp                                                      cstackCOMRAM 000506
i2_I2C1_InterruptsEnable                                      text107      003E32
i2___fladd                                                    text93       0009FA
i2___fladd@a                                                  cstackCOMRAM 000505
i2___fladd@aexp                                               cstackCOMRAM 00050E
i2___fladd@b                                                  cstackCOMRAM 000501
i2___fladd@bexp                                               cstackCOMRAM 00050F
i2___fladd@grs                                                cstackCOMRAM 000510
i2___fladd@signs                                              cstackCOMRAM 00050D
i2___flsub                                                    text92       003872
i2___flsub@a                                                  cstackCOMRAM 000515
i2___flsub@b                                                  cstackCOMRAM 000511
i2___xxtofl                                                   text91       0024F4
i2___xxtofl@arg                                               cstackCOMRAM 00050B
i2___xxtofl@exp                                               cstackCOMRAM 00050A
i2___xxtofl@sign                                              cstackCOMRAM 000509
i2___xxtofl@val                                               cstackCOMRAM 000501
i2c_write@address                                             cstackBANK5  0005BE
i2c_write@data                                                cstackBANK5  0005C0
i2c_write@len                                                 cstackBANK5  0005C2
i2c_write@timeout                                             cstackBANK5  0005C5
interruptSensor@freq_raw                                      cstackCOMRAM 000528
intlevel0                                                     text         000000
intlevel1                                                     text         000000
intlevel2                                                     text         000000
intlevel3                                                     text         000000
isa$std                                                       (abs)        000001
isa$xinst                                                     (abs)        000000
ivt0x8_base                                                   ivt0x8       000008
memset@c                                                      cstackBANK5  0005B8
memset@dest                                                   cstackBANK5  0005B6
memset@n                                                      cstackBANK5  0005BA
memset@p                                                      cstackBANK5  0005BC
printf@ap                                                     cstackCOMRAM 000524
printf@fmt                                                    cstackCOMRAM 000520
putch@txData                                                  cstackCOMRAM 000503
ssd1306_command@command                                       cstackBANK5  0005C9
ssd1306_command@data                                          cstackBANK5  0005CA
ssd1306_data@F15292                                           dataBANK5    0005FC
stackhi                                                       (abs)        000000
stacklo                                                       (abs)        000000
start                                                         init         00001A
start_initialization                                          cinit        0033D2
strlen@a                                                      cstackBANK5  0005B8
strlen@s                                                      cstackBANK5  0005B6
uIntToStr@d                                                   cstackBANK5  0005BE
uIntToStr@i                                                   cstackBANK5  0005BF
uIntToStr@idx                                                 cstackBANK5  0005BD
uIntToStr@res                                                 cstackBANK5  0005B8
uIntToStr@started                                             cstackBANK5  0005BC
uIntToStr@val                                                 cstackBANK5  0005B6
vfpfcnvrt@ap                                                  cstackCOMRAM 000511
vfpfcnvrt@cp_4598                                             cstackCOMRAM 000516
vfpfcnvrt@done                                                cstackCOMRAM 000515
vfpfcnvrt@fmt                                                 cstackCOMRAM 00050F
vfpfcnvrt@fp                                                  cstackCOMRAM 00050D
vfprintf@ap                                                   cstackCOMRAM 00051C
vfprintf@cfmt                                                 cstackCOMRAM 00051E
vfprintf@fmt                                                  cstackCOMRAM 00051A
vfprintf@fp                                                   cstackCOMRAM 000518


MODULE INFORMATION

Module		Function		Class		Link	Load	Size
D:\Program Files\Microchip\xc8\v3.10\pic\sources\c99\common\printf.c
		_printf        		CODE           	3CA2	0000	38

D:\Program Files\Microchip\xc8\v3.10\pic\sources\c99\common\printf.c estimated size: 38

D:\Program Files\Microchip\xc8\v3.10\pic\sources\c99\common\flneg.c
		___flneg       		CODE           	397A	0000	58

D:\Program Files\Microchip\xc8\v3.10\pic\sources\c99\common\flneg.c estimated size: 58

ssd1306_oled.c
		_OLED_Update   		CODE           	2C94	0000	264
		_OLED_Write    		CODE           	001E	0000	1316
		_ssd1306_command		CODE           	3C24	0000	42
		_OLED_ClearDisplay		CODE           	3D62	0000	30
		_OLED_Init     		CODE           	2FF2	0000	192
		_i2c_write     		CODE           	30B2	0000	174
		_OLED_Write_Text		CODE           	27FC	0000	314
		_OLED_DrawPixel		CODE           	2A6C	0000	288
		_OLED_SetFont  		CODE           	3458	0000	114

ssd1306_oled.c estimated size: 2734

D:\Program Files\Microchip\xc8\v3.10\pic\sources\c99\common\sprcadd.c
		___flsub       		CODE           	37E4	0000	72
		___fladd       		CODE           	0542	0000	1208

D:\Program Files\Microchip\xc8\v3.10\pic\sources\c99\common\sprcadd.c estimated size: 1280

D:\Program Files\Microchip\xc8\v3.10\pic\sources\c99\common\xxtofl.c
		___xxtofl      		CODE           	233C	0000	440

D:\Program Files\Microchip\xc8\v3.10\pic\sources\c99\common\xxtofl.c estimated size: 440

mcc_generated_files/timer/src/tmr1.c
		_TMR1_Initialize		CODE           	38FA	0000	64
		_TMR1_OverflowCallbackRegister		CODE           	3EA2	0000	10
		_TMR1_DefaultOverflowCallback		CODE           	3F60	0000	2
		_TMR1_CounterSet		CODE           	382C	0000	70
		_TMR1_OverflowISR		CODE           	358C	0000	94

mcc_generated_files/timer/src/tmr1.c estimated size: 240

D:\Program Files\Microchip\xc8\v3.10\pic\sources\c99\common\strlen.c
		_strlen        		CODE           	36F8	0000	84

D:\Program Files\Microchip\xc8\v3.10\pic\sources\c99\common\strlen.c estimated size: 84

mcc_generated_files/system/src/interrupt.c
		_INT0_SetInterruptHandler		CODE           	3F1A	0000	10
		_INT1_SetInterruptHandler		CODE           	3F10	0000	10
		_INT2_SetInterruptHandler		CODE           	3F06	0000	10
		_INTERRUPT_Initialize		CODE           	39B4	0000	58
		_INTERRUPT_InterruptManager		CODE           	1D4C	0000	580

mcc_generated_files/system/src/interrupt.c estimated size: 668

mcc_generated_files/pwm/src/pwm1_16bit.c
		_PWM1_16BIT_Period_SetInterruptHandler		CODE           	3EE8	0000	10
		_PWM1_16BIT_Slice1Output1_SetInterruptHandler		CODE           	3EDE	0000	10
		_PWM1_16BIT_Slice1Output2_SetInterruptHandler		CODE           	3ED4	0000	10
		_PWM1_16BIT_Initialize		CODE           	34CA	0000	98
		_PWM1_16BIT_LoadBufferRegisters		CODE           	3F48	0000	4
		_PWM1_16BIT_SetSlice1Output1DutyCycleRegister		CODE           	3E80	0000	12

mcc_generated_files/pwm/src/pwm1_16bit.c estimated size: 144

D:\Program Files\Microchip\xc8\v3.10\pic\sources\c99\common\nf_fputc.c
		_fputc         		CODE           	2E66	0000	202

D:\Program Files\Microchip\xc8\v3.10\pic\sources\c99\common\nf_fputc.c estimated size: 202

D:\Program Files\Microchip\xc8\v3.10\pic\sources\c99\common\memset.c
		_memset        		CODE           	39EE	0000	58

D:\Program Files\Microchip\xc8\v3.10\pic\sources\c99\common\memset.c estimated size: 58

mcc_generated_files/adc/src/adc.c
		_ADC_Initialize		CODE           	35EA	0000	92
		_ADC_ChannelSelectAndConvert		CODE           	3A28	0000	58
		_ADC_ISR       		CODE           	3F50	0000	4
		_ADC_ThresholdISR		CODE           	3F4C	0000	4

mcc_generated_files/adc/src/adc.c estimated size: 158

mcc_generated_files/uart/src/uart1.c
		_UART1_DefaultOverrunErrorCallback		CODE           	3F58	0000	2
		_UART1_IsTxReady		CODE           	3DB6	0000	22
		_UART1_Write   		CODE           	379A	0000	74
		_putch         		CODE           	3D80	0000	30
		_UART1_DefaultParityErrorCallback		CODE           	3F56	0000	2
		_UART1_FramingErrorCallbackRegister		CODE           	3D26	0000	30
		_UART1_OverrunErrorCallbackRegister		CODE           	3D08	0000	30
		_UART1_ReceiveISR		CODE           	2936	0000	310
		_UART1_Initialize		CODE           	32AA	0000	152
		_UART1_DefaultFramingErrorCallback		CODE           	3F5A	0000	2
		_UART1_TransmitISR		CODE           	3AD2	0000	54
		_UART1_ParityErrorCallbackRegister		CODE           	3CEA	0000	30
		_UART1_GeneralISR		CODE           	3F3E	0000	6

mcc_generated_files/uart/src/uart1.c estimated size: 744

mcc_generated_files/i2c_host/src/i2c1.c
		_I2C1_RX_ISR   		CODE           	3E1E	0000	20
		_I2C1_InterruptsEnable		CODE           	3DF6	0000	20
		_I2C1_WriteStart		CODE           	38B8	0000	66
		_I2C1_ReadStart		CODE           	3BF8	0000	44
		_I2C1_ISR      		CODE           	3342	0000	144
		_I2C1_IsBusy   		CODE           	3B6C	0000	48
		_I2C1_InterruptsDisable		CODE           	3E58	0000	16
		_I2C1_ErrorGet 		CODE           	3E8C	0000	12
		_I2C1_BusReset 		CODE           	393A	0000	64
		_I2C1_Initialize		CODE           	3646	0000	90
		_I2C1_Close    		CODE           	3C78	0000	42
		_I2C1_ERROR_ISR		CODE           	3208	0000	162
		_I2C1_Write    		CODE           	36A0	0000	88
		_I2C1_TX_ISR   		CODE           	3DCC	0000	22

mcc_generated_files/i2c_host/src/i2c1.c estimated size: 838

D:\Program Files\Microchip\xc8\v3.10\pic\sources\c99\common\doprnt.c
		_vfpfcnvrt     		CODE           	1F90	0000	480
		_vfprintf      		CODE           	374C	0000	78

D:\Program Files\Microchip\xc8\v3.10\pic\sources\c99\common\doprnt.c estimated size: 558

mcc_generated_files/opa/src/opa1.c
		_OPA1_Initialize		CODE           	3DE2	0000	20

mcc_generated_files/opa/src/opa1.c estimated size: 20

mcc_generated_files/system/src/pins.c
		_PIN_MANAGER_Initialize		CODE           	3160	0000	168
		_BtnSet_SetInterruptHandler		CODE           	3EFC	0000	10
		_InSensor_SetInterruptHandler		CODE           	3EF2	0000	10
		_InSensor_ISR  		CODE           	3B08	0000	50
		_PIN_MANAGER_IOC		CODE           	3C4E	0000	42
		_BtnSet_DefaultInterruptHandler		CODE           	3F66	0000	2
		_BtnSet_ISR    		CODE           	3B3A	0000	50
		_InSensor_DefaultInterruptHandler		CODE           	3F64	0000	2

mcc_generated_files/system/src/pins.c estimated size: 334

mcc_generated_files/dac/src/dac1.c
		_DAC1_SetOutput		CODE           	3F24	0000	10
		_DAC1_Initialize		CODE           	3E68	0000	12

mcc_generated_files/dac/src/dac1.c estimated size: 22

shared
		_FONT_1        		MEDIUMCONST    	FDA9	0000	581
		_powers10      		MEDIUMCONST    	F7AB	0000	10
		i2___fladd     		CODE           	09FA	0000	1206
		i2_I2C1_InterruptsEnable		CODE           	3E32	0000	20
		__initialization		CODE           	33D2	0000	128
		_I2C1_Host     		MEDIUMCONST    	F797	0000	20
		_FONT_2        		MEDIUMCONST    	F7B5	0000	1524
		i2___xxtofl    		CODE           	24F4	0000	436
		i2___flsub     		CODE           	3872	0000	70

shared estimated size: 3995

D:\Program Files\Microchip\xc8\v3.10\pic\sources\c99\common\awdiv.c
		___awdiv       		CODE           	2F30	0000	194

D:\Program Files\Microchip\xc8\v3.10\pic\sources\c99\common\awdiv.c estimated size: 194

D:\Program Files\Microchip\xc8\v3.10\pic\sources\c99\common\fltol.c
		___fltol       		CODE           	2B8C	0000	264

D:\Program Files\Microchip\xc8\v3.10\pic\sources\c99\common\fltol.c estimated size: 264

D:\Program Files\Microchip\xc8\v3.10\pic\sources\c99\common\sprcmul.c
		___flmul       		CODE           	0EB0	0000	1064

D:\Program Files\Microchip\xc8\v3.10\pic\sources\c99\common\sprcmul.c estimated size: 1064

mcc_generated_files/timer/src/tmr2.c
		_TMR2_ISR      		CODE           	3B9C	0000	46
		_TMR2_Initialize		CODE           	3CC8	0000	34
		_TMR2_PeriodMatchCallbackRegister		CODE           	3E98	0000	10
		_TMR2_DefaultPeriodMatchCallback		CODE           	3F5C	0000	2

mcc_generated_files/timer/src/tmr2.c estimated size: 92

D:\Program Files\Microchip\xc8\v3.10\pic\sources\c99\common\sprcdiv.c
		___fldiv       		CODE           	16D8	0000	910

D:\Program Files\Microchip\xc8\v3.10\pic\sources\c99\common\sprcdiv.c estimated size: 910

Utils.c
		_uIntToStr     		CODE           	2D9C	0000	202
		_floatToStr    		CODE           	2170	0000	460

Utils.c estimated size: 662

mcc_generated_files/system/src/clock.c
		_CLOCK_Initialize		CODE           	3E0A	0000	20

mcc_generated_files/system/src/clock.c estimated size: 20

mcc_generated_files/timer/src/tmr0.c
		_TMR0_DefaultCallback		CODE           	3F62	0000	2
		_TMR0_CounterGet		CODE           	3F36	0000	8
		_TMR0_CounterSet		CODE           	3F2E	0000	8
		_TMR0_ISR      		CODE           	3BCA	0000	46
		_TMR0_Initialize		CODE           	3D44	0000	30
		_TMR0_PeriodMatchCallbackRegister		CODE           	3EAC	0000	10

mcc_generated_files/timer/src/tmr0.c estimated size: 104

main.c
		_interruptSensor		CODE           	26A8	0000	340
		_main          		CODE           	1A66	0000	742
		_boton1        		CODE           	3D9E	0000	24
		_LKP           		CODE           	3A62	0000	58
		_interruptTimer0		CODE           	3E46	0000	18
		_interruptTimer2		CODE           	3F5E	0000	2

main.c estimated size: 1184

mcc_generated_files/pwm/src/pwm2_16bit.c
		_PWM2_16BIT_Period_SetInterruptHandler		CODE           	3ECA	0000	10
		_PWM2_16BIT_Slice1Output1_SetInterruptHandler		CODE           	3EC0	0000	10
		_PWM2_16BIT_Slice1Output2_SetInterruptHandler		CODE           	3EB6	0000	10
		_PWM2_16BIT_Initialize		CODE           	352C	0000	96
		_PWM2_16BIT_LoadBufferRegisters		CODE           	3F44	0000	4
		_PWM2_16BIT_SetSlice1Output1DutyCycleRegister		CODE           	3E74	0000	12

mcc_generated_files/pwm/src/pwm2_16bit.c estimated size: 142

mcc_generated_files/system/src/system.c
		_SYSTEM_Initialize		CODE           	3A9C	0000	54

mcc_generated_files/system/src/system.c estimated size: 54

