Microchip MPLAB XC8 Compiler V3.10

Linker command line:

-W-3 \
  --edf=D:\Program Files\Microchip\xc8\v3.10\pic\dat\20250813170317_en.msgs \
  -pivt0x8=08h -cn -h+dist/default/production\ControlVel.X.production.sym \
  --cmf=dist/default/production\ControlVel.X.production.cmf -z -Q18F16Q41 \
  -oC:\Users\cyoha\AppData\Local\Temp\xcAsfjw.0\driver_tmp_3.o \
  --defsym=__MPLAB_BUILD=1 --fixupoverflow=error \
  -Mdist/default/production/ControlVel.X.production.map \
  --md=C:\Users\cyoha\AppData\Local\Temp\xcAsfjw.0\driver_tmp_0.dat -E1 \
  -ver=XC8 Compiler -ACODE=00h-0FFFFh -ACONST=00h-0FFFFh \
  -ASMALLCONST=01600h-016FFhx234 -AMEDIUMCONST=01600h-0FFFFh \
  -ACOMRAM=0501h-055Fh -AABS1=0500h-014FFh -ABIGRAM=0501h-014FFh \
  -ARAM=0560h-05FFh,0600h-06FFhx15 -ABANK5=0560h-05FFh -ABANK6=0600h-06FFh \
  -ABANK7=0700h-07FFh -ABANK8=0800h-08FFh -ABANK9=0900h-09FFh \
  -ABANK10=0A00h-0AFFh -ABANK11=0B00h-0BFFh -ABANK12=0C00h-0CFFh \
  -ABANK13=0D00h-0DFFh -ABANK14=0E00h-0EFFh -ABANK15=0F00h-0FFFh \
  -ABANK16=01000h-010FFh -ABANK17=01100h-011FFh -ABANK18=01200h-012FFh \
  -ABANK19=01300h-013FFh -ABANK20=01400h-014FFh \
  -ASFR=00h-0FFhx4,0400h-045Fh,0460h-04FFh,01500h-015FFh \
  -ABIGSFR=00h-04FFh,01500h-015FFh -ACONFIG=0300000h-0300011h \
  -AIDLOC=0200000h-020003Fh -AEEDATA=0380000h-03801FFh -peeprom_data=EEDATA \
  -preset_vec=00h -ppowerup=CODE,init -pramtop=01600h \
  -psmallconst=SMALLCONST -pmediumconst=MEDIUMCONST -pconst=CONST \
  -AFARRAM=00h-00h \
  -prdata=COMRAM,nvrram=COMRAM,nvbit=COMRAM,rbss=COMRAM,rbit=COMRAM \
  -pfarbss=FARRAM,fardata=FARRAM,nvFARRAM=FARRAM \
  -pintsave_regs=BIGRAM,bigbss=BIGRAM,bigdata=BIGRAM -pbss=RAM \
  -pidata=CODE,irdata=CODE,ibigdata=CODE,ifardata=CODE -prparam=COMRAM \
  C:\Users\cyoha\AppData\Local\Temp\xcAsfjw.0\driver_tmp_14.o \
  dist/default/production\ControlVel.X.production.o 

Object code version is 3.11

Machine type is 18F16Q41



                Name                               Link     Load   Length Selector   Space Scale
C:\Users\cyoha\AppData\Local\Temp\xcAsfjw.0\driver_tmp_14.o
                config                           300000   300000        9        0       4
                init                                 1A       1A        4        4       0
                reset_vec                             0        0        4        0       0
dist/default/production\ControlVel.X.production.o
                config                           300000   300000        9        0       4
                mediumconst                        F7A2     F7A2      85E     7BD1       0
                ivt0x8                                8        8       12        4       0
                text95                             2B6E     2B6E        4        4       0
                text94                             2B6A     2B6A        4        4       0
                text93                             2AAE     2AAE       10        4       0
                text92                             2A9A     2A9A       14        4       0
                text91                             25E4     25E4       40        4       0
                text90                             1F12     1F12       A2        4       0
                text89                             288E     288E       2A        4       0
                text88                             2838     2838       2C        4       0
                text87                             20DE     20DE       90        4       0
                text86                             2A86     2A86       14        4       0
                text85                             2A34     2A34       16        4       0
                text84                             2B58     2B58        8        4       0
                text83                             2B50     2B50        8        4       0
                text82                              8FE      8FE      38E        4       0
                text81                             145C     145C      1B4        4       0
                text80                             239C     239C       52        4       0
                text79                             2B80     2B80        2        4       0
                text78                             27A8     27A8       32        4       0
                text77                             2A1E     2A1E       16        4       0
                text76                             2A72     2A72       14        4       0
                text75                             2B7E     2B7E        2        4       0
                text74                             280A     280A       2E        4       0
                text73                             251C     251C       46        4       0
                text72                             1CF6     1CF6       C0        4       0
                text71                             1E64     1E64       AE        4       0
                text70                             2742     2742       34        4       0
                text69                             2A08     2A08       16        4       0
                text68                             248A     248A       4A        4       0
                text67                             29BC     29BC       1E        4       0
                text66                             1B6C     1B6C       CA        4       0
                text65                              ED0      ED0      208        4       0
                text64                             243C     243C       4E        4       0
                text63                             28DE     28DE       26        4       0
                text62                             29F2     29F2       16        4       0
                text61                             2B7C     2B7C        2        4       0
                text60                             22EA     22EA       5A        4       0
                text59                             2B7A     2B7A        2        4       0
                text58                             28B8     28B8       26        4       0
                text57                             23EE     23EE       4E        4       0
                text56                             2B60     2B60        6        4       0
                text55                             2B78     2B78        2        4       0
                text54                             2B76     2B76        2        4       0
                text53                             2B74     2B74        2        4       0
                text52                             1760     1760      132        4       0
                text51                             270C     270C       36        4       0
                text50                              C8C      C8C      244        4       0
                text49                             26D2     26D2       3A        4       0
                text48                             2B46     2B46        A        4       0
                text47                             2698     2698       3A        4       0
                text46                             299E     299E       1E        4       0
                text45                             2AD6     2AD6        C        4       0
                text44                             27DA     27DA       30        4       0
                text43                             2562     2562       42        4       0
                text42                             2344     2344       58        4       0
                text41                             1DB6     1DB6       AE        4       0
                text40                             2864     2864       2A        4       0
                text39                             199A     199A      108        4       0
                text38                             1C36     1C36       C0        4       0
                text37                             2B66     2B66        4        4       0
                text36                             2ACA     2ACA        C        4       0
                text35                             2234     2234       5C        4       0
                text34                             2A5E     2A5E       14        4       0
                text33                             2ABE     2ABE        C        4       0
                text32                             2A4A     2A4A       14        4       0
                text31                             2290     2290       5A        4       0
                text30                             2B3C     2B3C        A        4       0
                text29                             2B32     2B32        A        4       0
                text28                             2B28     2B28        A        4       0
                text27                             265E     265E       3A        4       0
                text26                             29DA     29DA       18        4       0
                text25                             2B1E     2B1E        A        4       0
                text24                             204C     204C       92        4       0
                text23                             2B14     2B14        A        4       0
                text22                             2B0A     2B0A        A        4       0
                text21                             2B00     2B00        A        4       0
                text20                             21D2     21D2       62        4       0
                text19                             2980     2980       1E        4       0
                text18                             25A4     25A4       40        4       0
                text17                             2904     2904       22        4       0
                text16                             2962     2962       1E        4       0
                text15                             2944     2944       1E        4       0
                text14                             2926     2926       1E        4       0
                text13                             1FB4     1FB4       98        4       0
                text12                             2776     2776       32        4       0
                text11                             2AF6     2AF6        A        4       0
                text10                             2AEC     2AEC        A        4       0
                text9                              2AE2     2AE2        A        4       0
                text8                               4D6      4D6      428        4       0
                text7                              2624     2624       3A        4       0
                text6                                1E       1E      4B8        4       0
                text5                              24D4     24D4       48        4       0
                text4                              1892     1892      108        4       0
                text3                              12A4     12A4      1B8        4       0
                text2                              1AA2     1AA2       CA        4       0
                text1                              10D8     10D8      1CC        4       0
                text0                              1610     1610      150        4       0
                cstackCOMRAM                        501      501       30      501       1
                cstackBANK5                         5BB      5BB       3A      560       1
                bssBIGRAM                           630      630      400      630       1
                bssBANK6                            600      600       30      600       1
                dataBANK5                           5F7      5F7        2      560       1
                bssBANK5                            560      560       5B      560       1
                bssCOMRAM                           531      531       2E      501       1
                cinit                              216E     216E       64        4       0
                nvBANK5                             5F5      5F5        2      560       1
                idataBANK5                         2B72     2B72        2        4       0

TOTAL           Name                               Link     Load   Length     Space
        CLASS   CODE           
                init                                 1A       1A        4         0
                reset_vec                             0        0        4         0
                ivt0x8                                8        8       12         0
                text95                             2B6E     2B6E        4         0
                text94                             2B6A     2B6A        4         0
                text93                             2AAE     2AAE       10         0
                text92                             2A9A     2A9A       14         0
                text91                             25E4     25E4       40         0
                text90                             1F12     1F12       A2         0
                text89                             288E     288E       2A         0
                text88                             2838     2838       2C         0
                text87                             20DE     20DE       90         0
                text86                             2A86     2A86       14         0
                text85                             2A34     2A34       16         0
                text84                             2B58     2B58        8         0
                text83                             2B50     2B50        8         0
                text82                              8FE      8FE      38E         0
                text81                             145C     145C      1B4         0
                text80                             239C     239C       52         0
                text79                             2B80     2B80        2         0
                text78                             27A8     27A8       32         0
                text77                             2A1E     2A1E       16         0
                text76                             2A72     2A72       14         0
                text75                             2B7E     2B7E        2         0
                text74                             280A     280A       2E         0
                text73                             251C     251C       46         0
                text72                             1CF6     1CF6       C0         0
                text71                             1E64     1E64       AE         0
                text70                             2742     2742       34         0
                text69                             2A08     2A08       16         0
                text68                             248A     248A       4A         0
                text67                             29BC     29BC       1E         0
                text66                             1B6C     1B6C       CA         0
                text65                              ED0      ED0      208         0
                text64                             243C     243C       4E         0
                text63                             28DE     28DE       26         0
                text62                             29F2     29F2       16         0
                text61                             2B7C     2B7C        2         0
                text60                             22EA     22EA       5A         0
                text59                             2B7A     2B7A        2         0
                text58                             28B8     28B8       26         0
                text57                             23EE     23EE       4E         0
                text56                             2B60     2B60        6         0
                text55                             2B78     2B78        2         0
                text54                             2B76     2B76        2         0
                text53                             2B74     2B74        2         0
                text52                             1760     1760      132         0
                text51                             270C     270C       36         0
                text50                              C8C      C8C      244         0
                text49                             26D2     26D2       3A         0
                text48                             2B46     2B46        A         0
                text47                             2698     2698       3A         0
                text46                             299E     299E       1E         0
                text45                             2AD6     2AD6        C         0
                text44                             27DA     27DA       30         0
                text43                             2562     2562       42         0
                text42                             2344     2344       58         0
                text41                             1DB6     1DB6       AE         0
                text40                             2864     2864       2A         0
                text39                             199A     199A      108         0
                text38                             1C36     1C36       C0         0
                text37                             2B66     2B66        4         0
                text36                             2ACA     2ACA        C         0
                text35                             2234     2234       5C         0
                text34                             2A5E     2A5E       14         0
                text33                             2ABE     2ABE        C         0
                text32                             2A4A     2A4A       14         0
                text31                             2290     2290       5A         0
                text30                             2B3C     2B3C        A         0
                text29                             2B32     2B32        A         0
                text28                             2B28     2B28        A         0
                text27                             265E     265E       3A         0
                text26                             29DA     29DA       18         0
                text25                             2B1E     2B1E        A         0
                text24                             204C     204C       92         0
                text23                             2B14     2B14        A         0
                text22                             2B0A     2B0A        A         0
                text21                             2B00     2B00        A         0
                text20                             21D2     21D2       62         0
                text19                             2980     2980       1E         0
                text18                             25A4     25A4       40         0
                text17                             2904     2904       22         0
                text16                             2962     2962       1E         0
                text15                             2944     2944       1E         0
                text14                             2926     2926       1E         0
                text13                             1FB4     1FB4       98         0
                text12                             2776     2776       32         0
                text11                             2AF6     2AF6        A         0
                text10                             2AEC     2AEC        A         0
                text9                              2AE2     2AE2        A         0
                text8                               4D6      4D6      428         0
                text7                              2624     2624       3A         0
                text6                                1E       1E      4B8         0
                text5                              24D4     24D4       48         0
                text4                              1892     1892      108         0
                text3                              12A4     12A4      1B8         0
                text2                              1AA2     1AA2       CA         0
                text1                              10D8     10D8      1CC         0
                text0                              1610     1610      150         0
                cinit                              216E     216E       64         0
                idataBANK5                         2B72     2B72        2         0

        CLASS   CONST          

        CLASS   SMALLCONST     

        CLASS   MEDIUMCONST    
                mediumconst                        F7A2     F7A2      85E         0

        CLASS   COMRAM         
                cstackCOMRAM                        501      501       30         1
                bssCOMRAM                           531      531       2E         1

        CLASS   ABS1           

        CLASS   BIGRAM         
                bssBIGRAM                           630      630      400         1

        CLASS   RAM            

        CLASS   BANK5          
                cstackBANK5                         5BB      5BB       3A         1
                dataBANK5                           5F7      5F7        2         1
                bssBANK5                            560      560       5B         1
                nvBANK5                             5F5      5F5        2         1

        CLASS   BANK6          
                bssBANK6                            600      600       30         1

        CLASS   BANK7          

        CLASS   BANK8          

        CLASS   BANK9          

        CLASS   BANK10         

        CLASS   BANK11         

        CLASS   BANK12         

        CLASS   BANK13         

        CLASS   BANK14         

        CLASS   BANK15         

        CLASS   BANK16         

        CLASS   BANK17         

        CLASS   BANK18         

        CLASS   BANK19         

        CLASS   BANK20         

        CLASS   SFR            

        CLASS   BIGSFR         

        CLASS   CONFIG         
                config                           300000   300000        9         4

        CLASS   IDLOC          

        CLASS   EEDATA         

        CLASS   FARRAM         

        CLASS   HEAP           

        CLASS   STACK          



SEGMENTS        Name                           Load    Length   Top    Selector   Space  Class

                reset_vec                      000000  000004  000004         0       0  CODE    
                ivt0x8                         000008  002B7A  002B82         4       0  CODE    
                cstackCOMRAM                   000501  00005E  00055F       501       1  COMRAM  
                bssBANK5                       000560  000099  0005F9       560       1  BANK5   
                bssBANK6                       000600  000030  000630       600       1  BANK6   
                bssBIGRAM                      000630  000400  000A30       630       1  BIGRAM  
                mediumconst                    00F7A2  00085E  010000      7BD1       0  MEDIUMCO


UNUSED ADDRESS RANGES

        Name                Unused          Largest block    Delta
        BANK10           000A30-000AFF               D0
        BANK11           000B00-000BFF              100
        BANK12           000C00-000CFF              100
        BANK13           000D00-000DFF              100
        BANK14           000E00-000EFF              100
        BANK15           000F00-000FFF              100
        BANK16           001000-0010FF              100
        BANK17           001100-0011FF              100
        BANK18           001200-0012FF              100
        BANK19           001300-0013FF              100
        BANK20           001400-0014FF              100
        BANK5            0005F9-0005FF                7
        BIGRAM           00055F-00055F                1
                         0005F9-0005FF                7
                         000A30-0014FF              AD0
        BIGSFR           000000-0004FF              500
                         001500-0015FF              100
        CODE             000004-000007                4
                         002B82-00F7A1             CC20
        COMRAM           00055F-00055F                1
        CONFIG           300009-300011                9
        CONST            000004-000007                4
                         002B82-00F7A1             CC20
        EEDATA           380000-3801FF              200
        IDLOC            200000-20003F               40
        MEDIUMCONST      002B82-00F7A1             CC20
        RAM              0005F9-0005FF                7
                         000A30-0014FF              100
        SFR              000000-0004FF              100
                         001500-0015FF              100
        SMALLCONST       002B82-00F7A1              100

                                  Symbol Table

?_ADC_ChannelSelectAndConvert                                 cstackBANK5  0005BB
?___awdiv                                                     cstackCOMRAM 000501
?___awmod                                                     cstackCOMRAM 000501
?___fladd                                                     cstackBANK5  0005BB
?___fldiv                                                     cstackCOMRAM 00050F
?___flmul                                                     cstackBANK5  0005C9
?___flneg                                                     cstackBANK5  0005BB
?___flsub                                                     cstackBANK5  0005CB
?___fltol                                                     cstackBANK5  0005BB
?___xxtofl                                                    cstackBANK5  0005BB
?_abs                                                         cstackCOMRAM 000507
?_printf                                                      cstackCOMRAM 000525
?_vfprintf                                                    cstackCOMRAM 00051D
?i2___xxtofl                                                  cstackCOMRAM 000501
ADC_ChannelSelectAndConvert@channel                           cstackBANK5  0005BF
DAC1_SetOutput@inputData                                      cstackBANK5  0005C5
I2C1_ErrorGet@retErrorState                                   cstackBANK5  0005BB
I2C1_Write@address                                            cstackBANK5  0005BC
I2C1_Write@data                                               cstackBANK5  0005BE
I2C1_Write@dataLength                                         cstackBANK5  0005C0
I2C1_Write@retStatus                                          cstackBANK5  0005C2
INT0_SetInterruptHandler@InterruptHandler                     cstackBANK5  0005BB
INT1_SetInterruptHandler@InterruptHandler                     cstackBANK5  0005BB
INT2_SetInterruptHandler@InterruptHandler                     cstackBANK5  0005BB
IVTBASEH                                                      (abs)        00045E
IVTBASEL                                                      (abs)        00045D
IVTBASEU                                                      (abs)        00045F
InSensor_SetInterruptHandler@InterruptHandler                 cstackBANK5  0005BB
OLED_Update@chunk                                             cstackBANK5  0005EE
OLED_Update@data                                              cstackBANK5  0005D5
OLED_Update@remaining                                         cstackBANK5  0005EA
OLED_Update@sent                                              cstackBANK5  0005EC
OLED_Update@total                                             cstackBANK5  0005E8
OLED_Update@x                                                 cstackBANK5  0005EF
PWM1_16BIT_Period_SetInterruptHandler@InterruptHandler        cstackBANK5  0005BB
PWM1_16BIT_SetSlice1Output1DutyCycleRegister@registerValue    cstackBANK5  0005C5
PWM1_16BIT_Slice1Output1_SetInterruptHandler@InterruptHandler cstackBANK5  0005BB
PWM1_16BIT_Slice1Output2_SetInterruptHandler@InterruptHandler cstackBANK5  0005BB
TMR0_CounterGet@counterValue                                  cstackCOMRAM 000501
TMR0_CounterSet@counterValue                                  cstackCOMRAM 000501
TMR0_PeriodMatchCallbackRegister@callbackHandler              cstackBANK5  0005BB
TMR1_CounterSet@onState                                       cstackCOMRAM 000503
TMR1_CounterSet@timerVal                                      cstackCOMRAM 000501
TMR1_OverflowCallbackRegister@CallbackHandler                 cstackBANK5  0005BB
TMR1_OverflowISR@CountCallBack                                bssCOMRAM    00053C
TMR2_ISR@CountCallBack                                        bssCOMRAM    000546
TMR2_PeriodMatchCallbackRegister@callbackHandler              cstackBANK5  0005BB
UART1_FramingErrorCallbackRegister@callbackHandler            cstackBANK5  0005BB
UART1_OverrunErrorCallbackRegister@callbackHandler            cstackBANK5  0005BB
UART1_ParityErrorCallbackRegister@callbackHandler             cstackBANK5  0005BB
UART1_ReceiveISR@regValue                                     cstackCOMRAM 000501
UART1_ReceiveISR@tempRxHead                                   cstackCOMRAM 000502
UART1_TransmitISR@tempTxTail                                  cstackCOMRAM 000501
UART1_Write@tempTxHead                                        cstackCOMRAM 000501
UART1_Write@txData                                            cstackCOMRAM 000502
_ACTCON                                                       (abs)        0000AC
_ADACCH                                                       (abs)        0003E4
_ADACCL                                                       (abs)        0003E3
_ADACCU                                                       (abs)        0003E5
_ADACQH                                                       (abs)        0003EF
_ADACQL                                                       (abs)        0003EE
_ADACT                                                        (abs)        0003F9
_ADCAP                                                        (abs)        0003F0
_ADCLK                                                        (abs)        0003FA
_ADCNT                                                        (abs)        0003E6
_ADCON0                                                       (abs)        0003F3
_ADCON0bits                                                   (abs)        0003F3
_ADCON1                                                       (abs)        0003F4
_ADCON1bits                                                   (abs)        0003F4
_ADCON2                                                       (abs)        0003F5
_ADCON2bits                                                   (abs)        0003F5
_ADCON3                                                       (abs)        0003F6
_ADCON3bits                                                   (abs)        0003F6
_ADCP                                                         (abs)        0003D8
_ADCPbits                                                     (abs)        0003D8
_ADC_ChannelSelectAndConvert                                  text49       0026D2
_ADC_ConversionDoneCallback                                   bssBANK5     0005B3
_ADC_ISR                                                      text95       002B6E
_ADC_Initialize                                               text35       002234
_ADC_ThresholdCallback                                        bssBANK5     0005B1
_ADC_ThresholdISR                                             text94       002B6A
_ADERRH                                                       (abs)        0003DE
_ADERRL                                                       (abs)        0003DD
_ADFLTRH                                                      (abs)        0003E2
_ADFLTRL                                                      (abs)        0003E1
_ADLTHH                                                       (abs)        0003DA
_ADLTHL                                                       (abs)        0003D9
_ADPCH                                                        (abs)        0003EC
_ADPREH                                                       (abs)        0003F2
_ADPREL                                                       (abs)        0003F1
_ADPREVH                                                      (abs)        0003E9
_ADPREVL                                                      (abs)        0003E8
_ADREF                                                        (abs)        0003F8
_ADRESH                                                       (abs)        0003EB
_ADRESL                                                       (abs)        0003EA
_ADRPT                                                        (abs)        0003E7
_ADSTAT                                                       (abs)        0003F7
_ADSTATbits                                                   (abs)        0003F7
_ADSTPTH                                                      (abs)        0003E0
_ADSTPTL                                                      (abs)        0003DF
_ADUTHH                                                       (abs)        0003DC
_ADUTHL                                                       (abs)        0003DB
_ANSELA                                                       (abs)        000400
_ANSELB                                                       (abs)        000408
_ANSELC                                                       (abs)        000410
_CLOCK_Initialize                                             text34       002A5E
_CharF                                                        bssBANK6     000620
_DAC1CON                                                      (abs)        00007F
_DAC1DATL                                                     (abs)        00007D
_DAC1_Initialize                                              text33       002ABE
_DAC1_SetOutput                                               text48       002B46
_DACval                                                       bssBANK5     00058D
_FONT_1                                                       mediumconst  00FD97
_FONT_2                                                       mediumconst  00F7A3
_I2C1ADB1                                                     (abs)        00028F
_I2C1BAUD                                                     (abs)        00029D
_I2C1BTOC                                                     (abs)        00029F
_I2C1CLK                                                      (abs)        00029E
_I2C1CNTH                                                     (abs)        00028D
_I2C1CNTL                                                     (abs)        00028C
_I2C1CON0                                                     (abs)        000294
_I2C1CON0bits                                                 (abs)        000294
_I2C1CON1                                                     (abs)        000295
_I2C1CON1bits                                                 (abs)        000295
_I2C1CON2                                                     (abs)        000296
_I2C1ERR                                                      (abs)        000297
_I2C1ERRbits                                                  (abs)        000297
_I2C1PIE                                                      (abs)        00029B
_I2C1PIEbits                                                  (abs)        00029B
_I2C1PIR                                                      (abs)        00029A
_I2C1PIRbits                                                  (abs)        00029A
_I2C1RXB                                                      (abs)        00028A
_I2C1SCLPPS                                                   (abs)        000271
_I2C1SDAPPS                                                   (abs)        000270
_I2C1STAT0bits                                                (abs)        000298
_I2C1STAT1                                                    (abs)        000299
_I2C1STAT1bits                                                (abs)        000299
_I2C1TXB                                                      (abs)        00028B
_I2C1_BusReset                                                text91       0025E4
_I2C1_Callback                                                bssBANK5     0005AF
_I2C1_CallbackRegister                                        (abs)        000000
_I2C1_Close                                                   text89       00288E
_I2C1_Deinitialize                                            (abs)        000000
_I2C1_ERROR_ISR                                               text90       001F12
_I2C1_ErrorGet                                                text45       002AD6
_I2C1_Host                                                    mediumconst  00FFDC
_I2C1_ISR                                                     text87       0020DE
_I2C1_Initialize                                              text31       002290
_I2C1_InterruptsDisable                                       text93       002AAE
_I2C1_InterruptsEnable                                        text32       002A4A
_I2C1_IsBusy                                                  text44       0027DA
_I2C1_IsBusy$1174                                             cstackBANK5  0005BB
_I2C1_RX_ISR                                                  text86       002A86
_I2C1_Read                                                    (abs)        000000
_I2C1_ReadStart                                               text88       002838
_I2C1_TX_ISR                                                  text85       002A34
_I2C1_Write                                                   text42       002344
_I2C1_WriteRead                                               (abs)        000000
_I2C1_WriteStart                                              text43       002562
_INLVLA                                                       (abs)        000404
_INLVLB                                                       (abs)        00040C
_INLVLC                                                       (abs)        000414
_INT0_DefaultInterruptHandler                                 (abs)        000000
_INT0_InterruptHandler                                        bssCOMRAM    00054E
_INT0_SetInterruptHandler                                     text30       002B3C
_INT1_DefaultInterruptHandler                                 (abs)        000000
_INT1_InterruptHandler                                        bssCOMRAM    00054C
_INT1_SetInterruptHandler                                     text29       002B32
_INT2_DefaultInterruptHandler                                 (abs)        000000
_INT2_InterruptHandler                                        bssCOMRAM    00054A
_INT2_SetInterruptHandler                                     text28       002B28
_INTCON0bits                                                  (abs)        0004D6
_INTERRUPT_Initialize                                         text27       00265E
_INTERRUPT_InterruptManager                                   text50       000C8C
_IOCAF                                                        (abs)        000407
_IOCAFbits                                                    (abs)        000407
_IOCAN                                                        (abs)        000406
_IOCAP                                                        (abs)        000405
_IOCBF                                                        (abs)        00040F
_IOCBN                                                        (abs)        00040E
_IOCBP                                                        (abs)        00040D
_IOCCF                                                        (abs)        000417
_IOCCN                                                        (abs)        000416
_IOCCP                                                        (abs)        000415
_InSensor_DefaultInterruptHandler                             text79       002B80
_InSensor_ISR                                                 text78       0027A8
_InSensor_InterruptHandler                                    nvBANK5      0005F5
_InSensor_SetInterruptHandler                                 text25       002B1E
_LATA                                                         (abs)        0004BE
_LATAbits                                                     (abs)        0004BE
_LATB                                                         (abs)        0004BF
_LATC                                                         (abs)        0004C0
_LKP                                                          text58       0028B8
_ODCONA                                                       (abs)        000402
_ODCONB                                                       (abs)        00040A
_ODCONC                                                       (abs)        000412
_OLED_ClearDisplay                                            text46       00299E
_OLED_Init                                                    text38       001C36
_OLED_Update                                                  text39       00199A
_OLED_Update$3588                                             cstackBANK5  0005E6
_OPA1CON0                                                     (abs)        0000A3
_OPA1CON0bits                                                 (abs)        0000A3
_OPA1CON1                                                     (abs)        0000A4
_OPA1CON1bits                                                 (abs)        0000A4
_OPA1CON2                                                     (abs)        0000A5
_OPA1CON2bits                                                 (abs)        0000A5
_OPA1CON3                                                     (abs)        0000A6
_OPA1CON3bits                                                 (abs)        0000A6
_OPA1HWC                                                      (abs)        0000A7
_OPA1HWCbits                                                  (abs)        0000A7
_OPA1OFFSET                                                   (abs)        0000A8
_OPA1ORS                                                      (abs)        0000A9
_OPA1_Initialize                                              text26       0029DA
_OSCCON1                                                      (abs)        0000AD
_OSCCON3                                                      (abs)        0000AF
_OSCEN                                                        (abs)        0000B3
_OSCFRQ                                                       (abs)        0000B1
_OSCTUNE                                                      (abs)        0000B0
_PIE0bits                                                     (abs)        0004A8
_PIE1bits                                                     (abs)        0004A9
_PIE2bits                                                     (abs)        0004AA
_PIE3bits                                                     (abs)        0004AB
_PIE4bits                                                     (abs)        0004AC
_PIE7bits                                                     (abs)        0004AF
_PIN_MANAGER_IOC                                              text77       002A1E
_PIN_MANAGER_Initialize                                       text24       00204C
_PIR0bits                                                     (abs)        0004B3
_PIR10bits                                                    (abs)        0004BD
_PIR1bits                                                     (abs)        0004B4
_PIR2bits                                                     (abs)        0004B5
_PIR3bits                                                     (abs)        0004B6
_PIR4bits                                                     (abs)        0004B7
_PIR6bits                                                     (abs)        0004B9
_PIR7bits                                                     (abs)        0004BA
_PWM1CLK                                                      (abs)        000461
_PWM1CON                                                      (abs)        000469
_PWM1CONbits                                                  (abs)        000469
_PWM1CPRE                                                     (abs)        000465
_PWM1ERS                                                      (abs)        000460
_PWM1GIE                                                      (abs)        000468
_PWM1GIEbits                                                  (abs)        000468
_PWM1GIR                                                      (abs)        000467
_PWM1GIRbits                                                  (abs)        000467
_PWM1LDS                                                      (abs)        000462
_PWM1PIPOS                                                    (abs)        000466
_PWM1PRH                                                      (abs)        000464
_PWM1PRL                                                      (abs)        000463
_PWM1S1CFG                                                    (abs)        00046A
_PWM1S1P1H                                                    (abs)        00046C
_PWM1S1P1L                                                    (abs)        00046B
_PWM1S1P2H                                                    (abs)        00046E
_PWM1S1P2L                                                    (abs)        00046D
_PWM1_16BIT_Initialize                                        text20       0021D2
_PWM1_16BIT_LoadBufferRegisters                               text37       002B66
_PWM1_16BIT_Period_DefaultInterruptHandler                    (abs)        000000
_PWM1_16BIT_Period_InterruptHandler                           bssCOMRAM    000550
_PWM1_16BIT_Period_SetInterruptHandler                        text23       002B14
_PWM1_16BIT_SetSlice1Output1DutyCycleRegister                 text36       002ACA
_PWM1_16BIT_Slice1Output1_DefaultInterruptHandler             (abs)        000000
_PWM1_16BIT_Slice1Output1_InterruptHandler                    bssCOMRAM    000554
_PWM1_16BIT_Slice1Output1_SetInterruptHandler                 text22       002B0A
_PWM1_16BIT_Slice1Output2_DefaultInterruptHandler             (abs)        000000
_PWM1_16BIT_Slice1Output2_InterruptHandler                    bssCOMRAM    000552
_PWM1_16BIT_Slice1Output2_SetInterruptHandler                 text21       002B00
_RB4I2C                                                       (abs)        000287
_RB6I2C                                                       (abs)        000286
_RB6PPS                                                       (abs)        00020F
_RB7PPS                                                       (abs)        000210
_RC0PPS                                                       (abs)        000211
_RC7PPS                                                       (abs)        000218
_SLRCONA                                                      (abs)        000403
_SLRCONB                                                      (abs)        00040B
_SLRCONC                                                      (abs)        000413
_SYSTEM_Initialize                                            text12       002776
_T0CON0                                                       (abs)        00031A
_T0CON0bits                                                   (abs)        00031A
_T0CON1                                                       (abs)        00031B
_T1CLK                                                        (abs)        000317
_T1CON                                                        (abs)        000314
_T1CONbits                                                    (abs)        000314
_T1GATE                                                       (abs)        000316
_T1GCON                                                       (abs)        000315
_T1GCONbits                                                   (abs)        000315
_T2CLKCON                                                     (abs)        000320
_T2CON                                                        (abs)        00031E
_T2CONbits                                                    (abs)        00031E
_T2HLT                                                        (abs)        00031F
_T2HLTbits                                                    (abs)        00031F
_T2PR                                                         (abs)        00031D
_T2RST                                                        (abs)        000321
_T2RSTbits                                                    (abs)        000321
_T2TMR                                                        (abs)        00031C
_TMR0H                                                        (abs)        000319
_TMR0L                                                        (abs)        000318
_TMR0_CounterGet                                              text84       002B58
_TMR0_CounterSet                                              text83       002B50
_TMR0_DefaultCallback                                         text75       002B7E
_TMR0_ISR                                                     text74       00280A
_TMR0_Initialize                                              text19       002980
_TMR0_PeriodMatchCallback                                     bssCOMRAM    000544
_TMR0_PeriodMatchCallbackRegister                             text11       002AF6
_TMR1H                                                        (abs)        000313
_TMR1L                                                        (abs)        000312
_TMR1_CounterSet                                              text73       00251C
_TMR1_DefaultGateCallback                                     (abs)        000000
_TMR1_DefaultOverflowCallback                                 text61       002B7C
_TMR1_GateCallback                                            bssCOMRAM    00053E
_TMR1_Initialize                                              text18       0025A4
_TMR1_OverflowCallback                                        bssCOMRAM    000540
_TMR1_OverflowCallbackRegister                                text10       002AEC
_TMR1_OverflowISR                                             text60       0022EA
_TMR2_DefaultPeriodMatchCallback                              text59       002B7A
_TMR2_ISR                                                     text57       0023EE
_TMR2_Initialize                                              text17       002904
_TMR2_PeriodMatchCallback                                     bssCOMRAM    000548
_TMR2_PeriodMatchCallbackRegister                             text9        002AE2
_TRISA                                                        (abs)        0004C6
_TRISB                                                        (abs)        0004C7
_TRISC                                                        (abs)        0004C8
_U1BRGH                                                       (abs)        0002AF
_U1BRGL                                                       (abs)        0002AE
_U1CON0                                                       (abs)        0002AB
_U1CON0bits                                                   (abs)        0002AB
_U1CON1                                                       (abs)        0002AC
_U1CON1bits                                                   (abs)        0002AC
_U1CON2                                                       (abs)        0002AD
_U1ERRIE                                                      (abs)        0002B3
_U1ERRIR                                                      (abs)        0002B2
_U1ERRIRbits                                                  (abs)        0002B2
_U1FIFO                                                       (abs)        0002B0
_U1P1H                                                        (abs)        0002A6
_U1P1L                                                        (abs)        0002A5
_U1P2H                                                        (abs)        0002A8
_U1P2L                                                        (abs)        0002A7
_U1P3H                                                        (abs)        0002AA
_U1P3L                                                        (abs)        0002A9
_U1RXB                                                        (abs)        0002A1
_U1RXCHK                                                      (abs)        0002A2
_U1RXPPS                                                      (abs)        000272
_U1TXB                                                        (abs)        0002A3
_U1TXCHK                                                      (abs)        0002A4
_U1UIR                                                        (abs)        0002B1
_U1UIRbits                                                    (abs)        0002B1
_UART1_DefaultFramingErrorCallback                            text55       002B78
_UART1_DefaultOverrunErrorCallback                            text54       002B76
_UART1_DefaultParityErrorCallback                             text53       002B74
_UART1_FramingErrorCallbackRegister                           text16       002962
_UART1_FramingErrorHandler                                    bssCOMRAM    00053A
_UART1_GeneralErrorInterruptHandler                           bssBANK5     00059F
_UART1_GeneralISR                                             text56       002B60
_UART1_GeneralInterruptHandler                                bssBANK5     0005A9
_UART1_Initialize                                             text13       001FB4
_UART1_IsTxReady                                              text69       002A08
_UART1_OverrunErrorCallbackRegister                           text15       002944
_UART1_OverrunErrorHandler                                    bssCOMRAM    000538
_UART1_ParityErrorCallbackRegister                            text14       002926
_UART1_ParityErrorHandler                                     bssBANK5     0005A5
_UART1_ReceiveISR                                             text52       001760
_UART1_RxCompleteInterruptHandler                             bssBANK5     0005A1
_UART1_RxInterruptHandler                                     bssBANK5     0005AB
_UART1_TransmitISR                                            text51       00270C
_UART1_TxCompleteInterruptHandler                             bssBANK5     0005A3
_UART1_TxInterruptHandler                                     bssBANK5     0005AD
_UART1_Write                                                  text68       00248A
_WPUA                                                         (abs)        000401
_WPUB                                                         (abs)        000409
_WPUC                                                         (abs)        000411
__HRAM                                                        (abs)        000000
__H__absolute__                                               __absolute__ 000000
__Habs1                                                       abs1         000000
__Hbank10                                                     bank10       000000
__Hbank11                                                     bank11       000000
__Hbank12                                                     bank12       000000
__Hbank13                                                     bank13       000000
__Hbank14                                                     bank14       000000
__Hbank15                                                     bank15       000000
__Hbank16                                                     bank16       000000
__Hbank17                                                     bank17       000000
__Hbank18                                                     bank18       000000
__Hbank19                                                     bank19       000000
__Hbank20                                                     bank20       000000
__Hbank5                                                      bank5        000000
__Hbank6                                                      bank6        000000
__Hbank7                                                      bank7        000000
__Hbank8                                                      bank8        000000
__Hbank9                                                      bank9        000000
__Hbigbss                                                     bigbss       000000
__Hbigdata                                                    bigdata      000000
__Hbigram                                                     bigram       000000
__Hbigsfr                                                     bigsfr       000000
__Hbss                                                        bss          000000
__HbssBANK5                                                   bssBANK5     000000
__HbssBANK6                                                   bssBANK6     000000
__HbssBIGRAM                                                  bssBIGRAM    000000
__HbssCOMRAM                                                  bssCOMRAM    000000
__Hcinit                                                      cinit        000000
__Hclrtext                                                    clrtext      000000
__Hcomram                                                     comram       000000
__Hconfig                                                     config       300009
__Hconst                                                      const        000000
__HcstackBANK5                                                cstackBANK5  000000
__HcstackCOMRAM                                               cstackCOMRAM 000000
__Hdata                                                       data         000000
__HdataBANK5                                                  dataBANK5    000000
__Heeprom_data                                                eeprom_data  000000
__Hfarbss                                                     farbss       000000
__Hfardata                                                    fardata      000000
__Hheap                                                       heap         000000
__Hibigdata                                                   ibigdata     000000
__Hidata                                                      idata        000000
__HidataBANK5                                                 idataBANK5   000000
__Hidloc                                                      idloc        000000
__Hifardata                                                   ifardata     000000
__Hinit                                                       init         00001E
__Hintsave_regs                                               intsave_regs 000000
__Hirdata                                                     irdata       000000
__Hivt0x8                                                     ivt0x8       00001A
__Hmediumconst                                                mediumconst  010000
__HnvBANK5                                                    nvBANK5      000000
__HnvFARRAM                                                   nvFARRAM     000000
__Hnvbit                                                      nvbit        000000
__Hnvrram                                                     nvrram       000000
__Hparam                                                      rparam       000000
__Hpowerup                                                    powerup      000000
__Hram                                                        ram          000000
__Hramtop                                                     ramtop       001600
__Hrbit                                                       rbit         000000
__Hrbss                                                       rbss         000000
__Hrdata                                                      rdata        000000
__Hreset_vec                                                  reset_vec    000004
__Hrparam                                                     rparam       000000
__Hsfr                                                        sfr          000000
__Hsmallconst                                                 smallconst   000000
__Hspace_0                                                    (abs)        010000
__Hspace_1                                                    (abs)        000A30
__Hspace_2                                                    (abs)        000000
__Hspace_4                                                    (abs)        600009
__Hstack                                                      stack        000000
__Hstruct                                                     struct       000000
__Htemp                                                       temp         000000
__Htext                                                       text         000000
__Htext0                                                      text0        000000
__Htext1                                                      text1        000000
__Htext10                                                     text10       000000
__Htext11                                                     text11       000000
__Htext12                                                     text12       000000
__Htext13                                                     text13       000000
__Htext14                                                     text14       000000
__Htext15                                                     text15       000000
__Htext16                                                     text16       000000
__Htext17                                                     text17       000000
__Htext18                                                     text18       000000
__Htext19                                                     text19       000000
__Htext2                                                      text2        000000
__Htext20                                                     text20       000000
__Htext21                                                     text21       000000
__Htext22                                                     text22       000000
__Htext23                                                     text23       000000
__Htext24                                                     text24       000000
__Htext25                                                     text25       000000
__Htext26                                                     text26       000000
__Htext27                                                     text27       000000
__Htext28                                                     text28       000000
__Htext29                                                     text29       000000
__Htext3                                                      text3        000000
__Htext30                                                     text30       000000
__Htext31                                                     text31       000000
__Htext32                                                     text32       000000
__Htext33                                                     text33       000000
__Htext34                                                     text34       000000
__Htext35                                                     text35       000000
__Htext36                                                     text36       000000
__Htext37                                                     text37       000000
__Htext38                                                     text38       000000
__Htext39                                                     text39       000000
__Htext4                                                      text4        000000
__Htext40                                                     text40       000000
__Htext41                                                     text41       000000
__Htext42                                                     text42       000000
__Htext43                                                     text43       000000
__Htext44                                                     text44       000000
__Htext45                                                     text45       000000
__Htext46                                                     text46       000000
__Htext47                                                     text47       000000
__Htext48                                                     text48       000000
__Htext49                                                     text49       000000
__Htext5                                                      text5        000000
__Htext50                                                     text50       000000
__Htext51                                                     text51       000000
__Htext52                                                     text52       000000
__Htext53                                                     text53       000000
__Htext54                                                     text54       000000
__Htext55                                                     text55       000000
__Htext56                                                     text56       000000
__Htext57                                                     text57       000000
__Htext58                                                     text58       000000
__Htext59                                                     text59       000000
__Htext6                                                      text6        000000
__Htext60                                                     text60       000000
__Htext61                                                     text61       000000
__Htext62                                                     text62       000000
__Htext63                                                     text63       000000
__Htext64                                                     text64       000000
__Htext65                                                     text65       000000
__Htext66                                                     text66       000000
__Htext67                                                     text67       000000
__Htext68                                                     text68       000000
__Htext69                                                     text69       000000
__Htext7                                                      text7        000000
__Htext70                                                     text70       000000
__Htext71                                                     text71       000000
__Htext72                                                     text72       000000
__Htext73                                                     text73       000000
__Htext74                                                     text74       000000
__Htext75                                                     text75       000000
__Htext76                                                     text76       000000
__Htext77                                                     text77       000000
__Htext78                                                     text78       000000
__Htext79                                                     text79       000000
__Htext8                                                      text8        000000
__Htext80                                                     text80       000000
__Htext81                                                     text81       000000
__Htext82                                                     text82       000000
__Htext83                                                     text83       000000
__Htext84                                                     text84       000000
__Htext85                                                     text85       000000
__Htext86                                                     text86       000000
__Htext87                                                     text87       000000
__Htext88                                                     text88       000000
__Htext89                                                     text89       000000
__Htext9                                                      text9        000000
__Htext90                                                     text90       000000
__Htext91                                                     text91       000000
__Htext92                                                     text92       000000
__Htext93                                                     text93       000000
__Htext94                                                     text94       000000
__Htext95                                                     text95       000000
__LRAM                                                        (abs)        000001
__L__absolute__                                               __absolute__ 000000
__Labs1                                                       abs1         000000
__Lbank10                                                     bank10       000000
__Lbank11                                                     bank11       000000
__Lbank12                                                     bank12       000000
__Lbank13                                                     bank13       000000
__Lbank14                                                     bank14       000000
__Lbank15                                                     bank15       000000
__Lbank16                                                     bank16       000000
__Lbank17                                                     bank17       000000
__Lbank18                                                     bank18       000000
__Lbank19                                                     bank19       000000
__Lbank20                                                     bank20       000000
__Lbank5                                                      bank5        000000
__Lbank6                                                      bank6        000000
__Lbank7                                                      bank7        000000
__Lbank8                                                      bank8        000000
__Lbank9                                                      bank9        000000
__Lbigbss                                                     bigbss       000000
__Lbigdata                                                    bigdata      000000
__Lbigram                                                     bigram       000000
__Lbigsfr                                                     bigsfr       000000
__Lbss                                                        bss          000000
__LbssBANK5                                                   bssBANK5     000000
__LbssBANK6                                                   bssBANK6     000000
__LbssBIGRAM                                                  bssBIGRAM    000000
__LbssCOMRAM                                                  bssCOMRAM    000000
__Lcinit                                                      cinit        000000
__Lclrtext                                                    clrtext      000000
__Lcomram                                                     comram       000000
__Lconfig                                                     config       000000
__Lconst                                                      const        000000
__LcstackBANK5                                                cstackBANK5  000000
__LcstackCOMRAM                                               cstackCOMRAM 000000
__Ldata                                                       data         000000
__LdataBANK5                                                  dataBANK5    000000
__Leeprom_data                                                eeprom_data  000000
__Lfarbss                                                     farbss       000000
__Lfardata                                                    fardata      000000
__Lheap                                                       heap         000000
__Libigdata                                                   ibigdata     000000
__Lidata                                                      idata        000000
__LidataBANK5                                                 idataBANK5   000000
__Lidloc                                                      idloc        000000
__Lifardata                                                   ifardata     000000
__Linit                                                       init         00001A
__Lintsave_regs                                               intsave_regs 000000
__Lirdata                                                     irdata       000000
__Livt0x8                                                     ivt0x8       000008
__Lmediumconst                                                mediumconst  00F7A2
__LnvBANK5                                                    nvBANK5      000000
__LnvFARRAM                                                   nvFARRAM     000000
__Lnvbit                                                      nvbit        000000
__Lnvrram                                                     nvrram       000000
__Lparam                                                      rparam       000000
__Lpowerup                                                    powerup      000000
__Lram                                                        ram          000000
__Lramtop                                                     ramtop       001600
__Lrbit                                                       rbit         000000
__Lrbss                                                       rbss         000000
__Lrdata                                                      rdata        000000
__Lreset_vec                                                  reset_vec    000000
__Lrparam                                                     rparam       000000
__Lsfr                                                        sfr          000000
__Lsmallconst                                                 smallconst   000000
__Lspace_0                                                    (abs)        000000
__Lspace_1                                                    (abs)        000000
__Lspace_2                                                    (abs)        000000
__Lspace_4                                                    (abs)        000000
__Lstack                                                      stack        000000
__Lstruct                                                     struct       000000
__Ltemp                                                       temp         000000
__Ltext                                                       text         000000
__Ltext0                                                      text0        000000
__Ltext1                                                      text1        000000
__Ltext10                                                     text10       000000
__Ltext11                                                     text11       000000
__Ltext12                                                     text12       000000
__Ltext13                                                     text13       000000
__Ltext14                                                     text14       000000
__Ltext15                                                     text15       000000
__Ltext16                                                     text16       000000
__Ltext17                                                     text17       000000
__Ltext18                                                     text18       000000
__Ltext19                                                     text19       000000
__Ltext2                                                      text2        000000
__Ltext20                                                     text20       000000
__Ltext21                                                     text21       000000
__Ltext22                                                     text22       000000
__Ltext23                                                     text23       000000
__Ltext24                                                     text24       000000
__Ltext25                                                     text25       000000
__Ltext26                                                     text26       000000
__Ltext27                                                     text27       000000
__Ltext28                                                     text28       000000
__Ltext29                                                     text29       000000
__Ltext3                                                      text3        000000
__Ltext30                                                     text30       000000
__Ltext31                                                     text31       000000
__Ltext32                                                     text32       000000
__Ltext33                                                     text33       000000
__Ltext34                                                     text34       000000
__Ltext35                                                     text35       000000
__Ltext36                                                     text36       000000
__Ltext37                                                     text37       000000
__Ltext38                                                     text38       000000
__Ltext39                                                     text39       000000
__Ltext4                                                      text4        000000
__Ltext40                                                     text40       000000
__Ltext41                                                     text41       000000
__Ltext42                                                     text42       000000
__Ltext43                                                     text43       000000
__Ltext44                                                     text44       000000
__Ltext45                                                     text45       000000
__Ltext46                                                     text46       000000
__Ltext47                                                     text47       000000
__Ltext48                                                     text48       000000
__Ltext49                                                     text49       000000
__Ltext5                                                      text5        000000
__Ltext50                                                     text50       000000
__Ltext51                                                     text51       000000
__Ltext52                                                     text52       000000
__Ltext53                                                     text53       000000
__Ltext54                                                     text54       000000
__Ltext55                                                     text55       000000
__Ltext56                                                     text56       000000
__Ltext57                                                     text57       000000
[...]
__ptext7                                                      text7        002624
__ptext70                                                     text70       002742
__ptext71                                                     text71       001E64
__ptext72                                                     text72       001CF6
__ptext73                                                     text73       00251C
__ptext74                                                     text74       00280A
__ptext75                                                     text75       002B7E
__ptext76                                                     text76       002A72
__ptext77                                                     text77       002A1E
__ptext78                                                     text78       0027A8
__ptext79                                                     text79       002B80
__ptext8                                                      text8        0004D6
__ptext80                                                     text80       00239C
__ptext81                                                     text81       00145C
__ptext82                                                     text82       0008FE
__ptext83                                                     text83       002B50
__ptext84                                                     text84       002B58
__ptext85                                                     text85       002A34
__ptext86                                                     text86       002A86
__ptext87                                                     text87       0020DE
__ptext88                                                     text88       002838
__ptext89                                                     text89       00288E
__ptext9                                                      text9        002AE2
__ptext90                                                     text90       001F12
__ptext91                                                     text91       0025E4
__ptext92                                                     text92       002A9A
__ptext93                                                     text93       002AAE
__ptext94                                                     text94       002B6A
__ptext95                                                     text95       002B6E
__ramtop                                                      ramtop       001600
__smallconst                                                  mediumconst  00F7A2
_abs                                                          text70       002742
_adc_busy_status                                              bssCOMRAM    00055D
_buffer                                                       bssBIGRAM    000630
_cfont                                                        bssCOMRAM    000531
_contador                                                     bssCOMRAM    00055E
_conv1                                                        bssBANK5     0005B9
_dbuf                                                         bssBANK6     000600
_dutyVal                                                      bssBANK5     000591
_flags                                                        bssCOMRAM    000556
_floatToStr                                                   text1        0010D8
_floatToStr$3648                                              cstackBANK5  0005EA
_fputc                                                        text66       001B6C
_frecuencia                                                   bssBANK5     0005B5
_i2c1Status                                                   bssBANK5     000570
_i2c_write                                                    text41       001DB6
_interruptSensor                                              text80       00239C
_interruptTimer0                                              text76       002A72
_interruptTmr1                                                text62       0029F2
_main                                                         text0        001610
_memset                                                       text47       002698
_powers10                                                     mediumconst  00FFF0
_prec                                                         bssBANK5     00059B
_printf                                                       text63       0028DE
_putch                                                        text67       0029BC
_ssd1306_command                                              text40       002864
_str                                                          bssBANK6     000628
_timer1ReloadVal                                              bssCOMRAM    000542
_uIntToStr                                                    text2        001AA2
_uart1RxBuffer                                                bssBANK5     00057D
_uart1RxCount                                                 bssCOMRAM    000557
_uart1RxHead                                                  bssCOMRAM    000559
_uart1RxLastError                                             bssBANK5     0005A7
_uart1RxStatusBuffer                                          bssBANK5     000560
_uart1RxTail                                                  bssCOMRAM    000558
_uart1TxBuffer                                                bssBANK5     000585
_uart1TxBufferRemaining                                       bssCOMRAM    00055A
_uart1TxHead                                                  bssCOMRAM    00055C
_uart1TxTail                                                  bssCOMRAM    00055B
_vfpfcnvrt                                                    text65       000ED0
_vfprintf                                                     text64       00243C
_voltaje1                                                     bssBANK5     000595
_width                                                        bssBANK5     000599
abs@a                                                         cstackCOMRAM 000507
end_of_initialization                                         cinit        0021CC
floatToStr@digit                                              cstackBANK5  0005EF
floatToStr@endLine                                            cstackBANK5  0005E9
floatToStr@frac_part                                          cstackBANK5  0005F0
floatToStr@i                                                  cstackBANK5  0005F4
floatToStr@int_part                                           cstackBANK5  0005ED
floatToStr@n                                                  cstackBANK5  0005E2
floatToStr@p                                                  cstackBANK5  0005EC
floatToStr@precision                                          cstackBANK5  0005E8
floatToStr@res                                                cstackBANK5  0005E6
fputc@c                                                       cstackCOMRAM 000504
fputc@fp                                                      cstackCOMRAM 000506
i2_I2C1_InterruptsEnable                                      text92       002A9A
i2___xxtofl                                                   text81       00145C
i2___xxtofl@arg                                               cstackCOMRAM 00050B
i2___xxtofl@exp                                               cstackCOMRAM 00050A
i2___xxtofl@sign                                              cstackCOMRAM 000509
i2___xxtofl@val                                               cstackCOMRAM 000501
i2c_write@address                                             cstackBANK5  0005C3
i2c_write@data                                                cstackBANK5  0005C5
i2c_write@len                                                 cstackBANK5  0005C7
i2c_write@timeout                                             cstackBANK5  0005CA
intlevel0                                                     text         000000
intlevel1                                                     text         000000
intlevel2                                                     text         000000
intlevel3                                                     text         000000
isa$std                                                       (abs)        000001
isa$xinst                                                     (abs)        000000
ivt0x8_base                                                   ivt0x8       000008
memset@c                                                      cstackBANK5  0005BD
memset@dest                                                   cstackBANK5  0005BB
memset@n                                                      cstackBANK5  0005BF
memset@p                                                      cstackBANK5  0005C1
printf@ap                                                     cstackCOMRAM 000529
printf@fmt                                                    cstackCOMRAM 000525
putch@txData                                                  cstackCOMRAM 000503
ssd1306_command@command                                       cstackBANK5  0005CE
ssd1306_command@data                                          cstackBANK5  0005CF
ssd1306_data@F15259                                           dataBANK5    0005F7
stackhi                                                       (abs)        000000
stacklo                                                       (abs)        000000
start                                                         init         00001A
start_initialization                                          cinit        00216E
uIntToStr@d                                                   cstackBANK5  0005C3
uIntToStr@i                                                   cstackBANK5  0005C4
uIntToStr@idx                                                 cstackBANK5  0005C2
uIntToStr@res                                                 cstackBANK5  0005BD
uIntToStr@started                                             cstackBANK5  0005C1
uIntToStr@val                                                 cstackBANK5  0005BB
vfpfcnvrt@ap                                                  cstackCOMRAM 000511
vfpfcnvrt@c                                                   cstackCOMRAM 00051C
vfpfcnvrt@convarg                                             cstackCOMRAM 000518
vfpfcnvrt@cp                                                  cstackCOMRAM 000516
vfpfcnvrt@done                                                cstackCOMRAM 000515
vfpfcnvrt@fmt                                                 cstackCOMRAM 00050F
vfpfcnvrt@fp                                                  cstackCOMRAM 00050D
vfprintf@ap                                                   cstackCOMRAM 000521
vfprintf@cfmt                                                 cstackCOMRAM 000523
vfprintf@fmt                                                  cstackCOMRAM 00051F
vfprintf@fp                                                   cstackCOMRAM 00051D


MODULE INFORMATION

Module		Function		Class		Link	Load	Size
D:\Program Files\Microchip\xc8\v3.10\pic\sources\c99\common\printf.c
		_printf        		CODE           	28DE	0000	38

D:\Program Files\Microchip\xc8\v3.10\pic\sources\c99\common\printf.c estimated size: 38

D:\Program Files\Microchip\xc8\v3.10\pic\sources\c99\common\flneg.c
		___flneg       		CODE           	2624	0000	58

D:\Program Files\Microchip\xc8\v3.10\pic\sources\c99\common\flneg.c estimated size: 58

ssd1306_oled.c
		_OLED_Update   		CODE           	199A	0000	264
		_ssd1306_command		CODE           	2864	0000	42
		_OLED_ClearDisplay		CODE           	299E	0000	30
		_OLED_Init     		CODE           	1C36	0000	192
		_i2c_write     		CODE           	1DB6	0000	174

ssd1306_oled.c estimated size: 702

D:\Program Files\Microchip\xc8\v3.10\pic\sources\c99\common\sprcadd.c
		___flsub       		CODE           	24D4	0000	72
		___fladd       		CODE           	001E	0000	1208

D:\Program Files\Microchip\xc8\v3.10\pic\sources\c99\common\sprcadd.c estimated size: 1280

D:\Program Files\Microchip\xc8\v3.10\pic\sources\c99\common\xxtofl.c
		___xxtofl      		CODE           	12A4	0000	440

D:\Program Files\Microchip\xc8\v3.10\pic\sources\c99\common\xxtofl.c estimated size: 440

mcc_generated_files/timer/src/tmr1.c
		_TMR1_Initialize		CODE           	25A4	0000	64
		_TMR1_OverflowCallbackRegister		CODE           	2AEC	0000	10
		_TMR1_DefaultOverflowCallback		CODE           	2B7C	0000	2
		_TMR1_CounterSet		CODE           	251C	0000	70
		_TMR1_OverflowISR		CODE           	22EA	0000	90

mcc_generated_files/timer/src/tmr1.c estimated size: 236

D:\Program Files\Microchip\xc8\v3.10\pic\sources\c99\common\awmod.c
		___awmod       		CODE           	1E64	0000	174

D:\Program Files\Microchip\xc8\v3.10\pic\sources\c99\common\awmod.c estimated size: 174

mcc_generated_files/system/src/interrupt.c
		_INT0_SetInterruptHandler		CODE           	2B3C	0000	10
		_INT1_SetInterruptHandler		CODE           	2B32	0000	10
		_INT2_SetInterruptHandler		CODE           	2B28	0000	10
		_INTERRUPT_Initialize		CODE           	265E	0000	58
		_INTERRUPT_InterruptManager		CODE           	0C8C	0000	580

mcc_generated_files/system/src/interrupt.c estimated size: 668

mcc_generated_files/pwm/src/pwm1_16bit.c
		_PWM1_16BIT_Period_SetInterruptHandler		CODE           	2B14	0000	10
		_PWM1_16BIT_Slice1Output1_SetInterruptHandler		CODE           	2B0A	0000	10
		_PWM1_16BIT_Slice1Output2_SetInterruptHandler		CODE           	2B00	0000	10
		_PWM1_16BIT_Initialize		CODE           	21D2	0000	98
		_PWM1_16BIT_LoadBufferRegisters		CODE           	2B66	0000	4
		_PWM1_16BIT_SetSlice1Output1DutyCycleRegister		CODE           	2ACA	0000	12

mcc_generated_files/pwm/src/pwm1_16bit.c estimated size: 144

D:\Program Files\Microchip\xc8\v3.10\pic\sources\c99\common\nf_fputc.c
		_fputc         		CODE           	1B6C	0000	202

D:\Program Files\Microchip\xc8\v3.10\pic\sources\c99\common\nf_fputc.c estimated size: 202

D:\Program Files\Microchip\xc8\v3.10\pic\sources\c99\common\memset.c
		_memset        		CODE           	2698	0000	58

D:\Program Files\Microchip\xc8\v3.10\pic\sources\c99\common\memset.c estimated size: 58

mcc_generated_files/adc/src/adc.c
		_ADC_Initialize		CODE           	2234	0000	92
		_ADC_ChannelSelectAndConvert		CODE           	26D2	0000	58
		_ADC_ISR       		CODE           	2B6E	0000	4
		_ADC_ThresholdISR		CODE           	2B6A	0000	4

mcc_generated_files/adc/src/adc.c estimated size: 158

mcc_generated_files/uart/src/uart1.c
		_UART1_DefaultOverrunErrorCallback		CODE           	2B76	0000	2
		_UART1_IsTxReady		CODE           	2A08	0000	22
		_UART1_Write   		CODE           	248A	0000	74
		_putch         		CODE           	29BC	0000	30
		_UART1_DefaultParityErrorCallback		CODE           	2B74	0000	2
		_UART1_FramingErrorCallbackRegister		CODE           	2962	0000	30
		_UART1_OverrunErrorCallbackRegister		CODE           	2944	0000	30
		_UART1_ReceiveISR		CODE           	1760	0000	306
		_UART1_Initialize		CODE           	1FB4	0000	152
		_UART1_DefaultFramingErrorCallback		CODE           	2B78	0000	2
		_UART1_TransmitISR		CODE           	270C	0000	54
		_UART1_ParityErrorCallbackRegister		CODE           	2926	0000	30
		_UART1_GeneralISR		CODE           	2B60	0000	6

mcc_generated_files/uart/src/uart1.c estimated size: 740

mcc_generated_files/i2c_host/src/i2c1.c
		_I2C1_RX_ISR   		CODE           	2A86	0000	20
		_I2C1_InterruptsEnable		CODE           	2A4A	0000	20
		_I2C1_WriteStart		CODE           	2562	0000	66
		_I2C1_ReadStart		CODE           	2838	0000	44
		_I2C1_ISR      		CODE           	20DE	0000	144
		_I2C1_IsBusy   		CODE           	27DA	0000	48
		_I2C1_InterruptsDisable		CODE           	2AAE	0000	16
		_I2C1_ErrorGet 		CODE           	2AD6	0000	12
		_I2C1_BusReset 		CODE           	25E4	0000	64
		_I2C1_Initialize		CODE           	2290	0000	90
		_I2C1_Close    		CODE           	288E	0000	42
		_I2C1_ERROR_ISR		CODE           	1F12	0000	162
		_I2C1_Write    		CODE           	2344	0000	88
		_I2C1_TX_ISR   		CODE           	2A34	0000	22

mcc_generated_files/i2c_host/src/i2c1.c estimated size: 838

D:\Program Files\Microchip\xc8\v3.10\pic\sources\c99\common\doprnt.c
		_vfpfcnvrt     		CODE           	0ED0	0000	520
		_vfprintf      		CODE           	243C	0000	78

D:\Program Files\Microchip\xc8\v3.10\pic\sources\c99\common\doprnt.c estimated size: 598

mcc_generated_files/opa/src/opa1.c
		_OPA1_Initialize		CODE           	29DA	0000	24

mcc_generated_files/opa/src/opa1.c estimated size: 24

mcc_generated_files/system/src/pins.c
		_PIN_MANAGER_Initialize		CODE           	204C	0000	146
		_InSensor_SetInterruptHandler		CODE           	2B1E	0000	10
		_InSensor_ISR  		CODE           	27A8	0000	50
		_PIN_MANAGER_IOC		CODE           	2A1E	0000	22
		_InSensor_DefaultInterruptHandler		CODE           	2B80	0000	2

mcc_generated_files/system/src/pins.c estimated size: 230

mcc_generated_files/dac/src/dac1.c
		_DAC1_SetOutput		CODE           	2B46	0000	10
		_DAC1_Initialize		CODE           	2ABE	0000	12

mcc_generated_files/dac/src/dac1.c estimated size: 22

shared
		_FONT_1        		MEDIUMCONST    	FD97	0000	581
		_powers10      		MEDIUMCONST    	FFF0	0000	10
		i2_I2C1_InterruptsEnable		CODE           	2A9A	0000	20
		__initialization		CODE           	216E	0000	94
		_I2C1_Host     		MEDIUMCONST    	FFDC	0000	20
		_FONT_2        		MEDIUMCONST    	F7A3	0000	1524
		i2___xxtofl    		CODE           	145C	0000	436

shared estimated size: 2685

D:\Program Files\Microchip\xc8\v3.10\pic\sources\c99\common\awdiv.c
		___awdiv       		CODE           	1CF6	0000	192

D:\Program Files\Microchip\xc8\v3.10\pic\sources\c99\common\awdiv.c estimated size: 192

D:\Program Files\Microchip\xc8\v3.10\pic\sources\c99\common\fltol.c
		___fltol       		CODE           	1892	0000	264

D:\Program Files\Microchip\xc8\v3.10\pic\sources\c99\common\fltol.c estimated size: 264

D:\Program Files\Microchip\xc8\v3.10\pic\sources\c99\common\sprcmul.c
		___flmul       		CODE           	04D6	0000	1064

D:\Program Files\Microchip\xc8\v3.10\pic\sources\c99\common\sprcmul.c estimated size: 1064

D:\Program Files\Microchip\xc8\v3.10\pic\sources\c99\common\abs.c
		_abs           		CODE           	2742	0000	52

D:\Program Files\Microchip\xc8\v3.10\pic\sources\c99\common\abs.c estimated size: 52

mcc_generated_files/timer/src/tmr2.c
		_TMR2_ISR      		CODE           	23EE	0000	78
		_TMR2_Initialize		CODE           	2904	0000	34
		_TMR2_PeriodMatchCallbackRegister		CODE           	2AE2	0000	10
		_TMR2_DefaultPeriodMatchCallback		CODE           	2B7A	0000	2

mcc_generated_files/timer/src/tmr2.c estimated size: 124

D:\Program Files\Microchip\xc8\v3.10\pic\sources\c99\common\sprcdiv.c
		___fldiv       		CODE           	08FE	0000	910

D:\Program Files\Microchip\xc8\v3.10\pic\sources\c99\common\sprcdiv.c estimated size: 910

Utils.c
		_uIntToStr     		CODE           	1AA2	0000	202
		_floatToStr    		CODE           	10D8	0000	460

Utils.c estimated size: 662

mcc_generated_files/system/src/clock.c
		_CLOCK_Initialize		CODE           	2A5E	0000	20

mcc_generated_files/system/src/clock.c estimated size: 20

mcc_generated_files/timer/src/tmr0.c
		_TMR0_DefaultCallback		CODE           	2B7E	0000	2
		_TMR0_CounterGet		CODE           	2B58	0000	8
		_TMR0_CounterSet		CODE           	2B50	0000	8
		_TMR0_ISR      		CODE           	280A	0000	46
		_TMR0_Initialize		CODE           	2980	0000	30
		_TMR0_PeriodMatchCallbackRegister		CODE           	2AF6	0000	10

mcc_generated_files/timer/src/tmr0.c estimated size: 104

main.c
		_interruptSensor		CODE           	239C	0000	82
		_main          		CODE           	1610	0000	336
		_interruptTmr1 		CODE           	29F2	0000	22
		_LKP           		CODE           	28B8	0000	38
		_interruptTimer0		CODE           	2A72	0000	20

main.c estimated size: 498

mcc_generated_files/system/src/system.c
		_SYSTEM_Initialize		CODE           	2776	0000	50

mcc_generated_files/system/src/system.c estimated size: 50

